Microchip MPLAB XC8 Compiler V1.40 ()

Linker command line:

-W-3 --edf=C:\Program Files (x86)\Microchip\xc8\v1.40\dat\en_msgs.txt -cs \
  -h+dist/default/debug\EasyPowerUSB.X.debug.sym \
  --cmf=dist/default/debug\EasyPowerUSB.X.debug.cmf -z -Q16F1455 \
  -oC:\Users\Valerii\AppData\Local\Temp\sbb0.2 \
  -Mdist/default/debug/EasyPowerUSB.X.debug.map -E1 -ver=XC8 \
  -ASTACK=023B0h-023efh -pstack=STACK -ACODE=00h-07FFhx4 \
  -ASTRCODE=00h-01FFFh -ASTRING=00h-0FFhx32 -ACONST=00h-0FFhx32 \
  -AENTRY=00h-0FFhx32 -ACOMMON=070h-07Fh -ABANK0=020h-06Fh \
  -ABANK1=0A0h-0EFh -ABANK2=0120h-016Fh -ABANK3=01A0h-01EFh \
  -ABANK4=0220h-026Fh -ABANK5=02A0h-02EFh -ABANK6=0320h-036Fh \
  -ABANK7=03A0h-03EFh -ABANK8=0420h-046Fh -ABANK9=04A0h-04EFh \
  -ABANK10=0520h-056Fh -ABANK11=05A0h-05EFh -ABANK12=0620h-064Fh \
  -ABIGRAM=02000h-023EFh \
  -ARAM=020h-06Fh,0A0h-0EFh,0120h-016Fh,01A0h-01EFh,0220h-026Fh,02A0h-02EFh,0320h-036Fh,03A0h-03EFh,0420h-046Fh,04A0h-04EFh,0520h-056Fh,05A0h-05EFh,0620h-064Fh \
  -AABS1=020h-07Fh,0A0h-0EFh,0120h-016Fh,01A0h-01EFh,0220h-026Fh,02A0h-02EFh,0320h-036Fh,03A0h-03EFh,0420h-046Fh,04A0h-04EFh,0520h-056Fh,05A0h-05EFh,0620h-064Fh \
  -ASFR0=00h-01Fh -ASFR1=080h-09Fh -ASFR2=0100h-011Fh -ASFR3=0180h-019Fh \
  -ASFR4=0200h-021Fh -ASFR5=0280h-029Fh -ASFR6=0300h-031Fh \
  -ASFR7=0380h-039Fh -ASFR8=0400h-041Fh -ASFR9=0480h-049Fh \
  -ASFR10=0500h-051Fh -ASFR11=0580h-059Fh -ASFR12=0600h-061Fh \
  -ASFR13=0680h-06EFh -ASFR14=0700h-076Fh -ASFR15=0780h-07EFh \
  -ASFR16=0800h-086Fh -ASFR17=0880h-08EFh -ASFR18=0900h-096Fh \
  -ASFR19=0980h-09EFh -ASFR20=0A00h-0A6Fh -ASFR21=0A80h-0AEFh \
  -ASFR22=0B00h-0B6Fh -ASFR23=0B80h-0BEFh -ASFR24=0C00h-0C6Fh \
  -ASFR25=0C80h-0CEFh -ASFR26=0D00h-0D6Fh -ASFR27=0D80h-0DEFh \
  -ASFR28=0E00h-0E6Fh -ASFR29=0E80h-0EEFh -ASFR30=0F00h-0F6Fh \
  -ASFR31=0F80h-0FEFh -preset_vec=00h,intentry=04h,init,end_init \
  -ppowerup=CODE -pcinit=CODE -pfunctab=CODE -ACONFIG=08007h-08008h \
  -pconfig=CONFIG -DCONFIG=2 -AIDLOC=08000h-08003h -pidloc=IDLOC -DIDLOC=2 \
  -DCODE=2 -DSTRCODE=2 -DSTRING=2 -DCONST=2 -DENTRY=2 -k \
  C:\Users\Valerii\AppData\Local\Temp\sbb0.obj \
  dist/default/debug\EasyPowerUSB.X.debug.obj 

Object code version is 3.11

Machine type is 16F1455



                Name                               Link     Load   Length Selector   Space Scale
C:\Users\Valerii\AppData\Local\Temp\sbb0.obj
                end_init                             E9       E9        2        8       0
                reset_vec                             0        0        3        0       0
                config                             8007     8007        2    1000E       0
dist/default/debug\EasyPowerUSB.X.debug.obj
                cinit                                EB       EB       5F        8       0
                intentry                              4        4       E5        8       0
                text78                             1D81     1D81        6     3B02       0
                text77                             1D93     1D93        7     3B26       0
                text76                             1DD6     1DD6        D     3BAC       0
                text75                             11DF     11DF       52     23BE       0
                text74                             114E     114E       47     229C       0
                text73                              804      804       73     1008       0
                text72                             1780     1780       80     2F00       0
                text71                             15A9     15A9       6E     2B52       0
                text70                              733      733       CB      678       0
                text69                             10CF     10CF       3D     219E       0
                text68                             110C     110C       42     2218       0
                text67                             1F45     1F45       20     3E8A       0
                text66                              8F9      8F9       83     11F2       0
                text65                             1025     1025       37     204A       0
                text64                             105C     105C       37     20B8       0
                text63                             14E5     14E5       60     29CA       0
                text62                             1545     1545       64     2A8A       0
                text61                             1FA9     1FA9       27     3F52       0
                text60                             1D9A     1D9A        9     3B34       0
                text59                             1F85     1F85       24     3F0A       0
                text58                             1093     1093       3C     2126       0
                text57                              60D      60D      126      678       0
                text56                             1701     1701       7F     2E02       0
                text55                             132A     132A       55     2654       0
                text54                             1E70     1E70       18     3CE0       0
                text53                              A00      A00       8F     1400       0
                swtext1                            1800     1800       1A     3000       0
                text52                             13D4     13D4       5A     27A8       0
                text51                             1488     1488       5D     2910       0
                text50                              B21      B21       94     1642       0
                text49                             137F     137F       55     26FE       0
                text48                             142E     142E       5A     285C       0
                text47                             1E88     1E88       19     3D10       0
                text46                             1000     1000       25     1E08       0
                text45                             1EEE     1EEE       1C     3DDC       0
                text44                             1F65     1F65       20     3ECA       0
                text43                              CE8      CE8       B0     19D0       0
                text42                              F04      F04       FC     1E08       0
                text41                              C4A      C4A       9E     1894       0
                text40                             1DF2     1DF2       10     3BE4       0
                text39                             1D7C     1D7C        5     3AF8       0
                text38                             1231     1231       52     2462       0
                text37                             1E16     1E16       16     3C2C       0
                text36                             1688     1688       79     2D10       0
                text35                             1D68     1D68        3     3AD0       0
                text34                             1E2C     1E2C       16     3C58       0
                text32                             1D6B     1D6B        3     3AD6       0
                text31                             1DB5     1DB5        A     3B6A       0
                text30                             1DCA     1DCA        C     3B94       0
                text29                             1D74     1D74        4     3AE8       0
                text28                             1DBF     1DBF        B     3B7E       0
                text27                             1E42     1E42       17     3C84       0
                text26                             1D87     1D87        6     3B0E       0
                text25                             1D6E     1D6E        3     3ADC       0
                text24                             1E02     1E02       14     3C04       0
                text23                             1D71     1D71        3     3AE2       0
                text22                             1DA3     1DA3        9     3B46       0
                text21                             1D78     1D78        4     3AF0       0
                text20                             1ED3     1ED3       1B     3DA6       0
                text19                              E4B      E4B       B9     1C96       0
                text18                              97C      97C       84     12F8       0
                text17                              D98      D98       B3     1B30       0
                text16                             1DAC     1DAC        9     3B58       0
                text15                             1F0A     1F0A       1C     3E14       0
                text14                             1DE3     1DE3        F     3BC6       0
                text13                             1617     1617       71     2C2E       0
                text12                             12D6     12D6       54     25AC       0
                text11                             1283     1283       53     2506       0
                text10                             1EA1     1EA1       19     3D42       0
                text9                               877      877       82     10EE       0
                text8                              1FD0     1FD0       30     3FA0       0
                text7                               BB5      BB5       95     176A       0
                text6                               4D8      4D8      135      678       0
                text5                              1EBA     1EBA       19     3D74       0
                text4                               A8F      A8F       92     151E       0
                text3                              1E59     1E59       17     3CB2       0
                text2                               33C      33C      19C      678       0
                text1                              1195     1195       4A     232A       0
                maintext                           1F26     1F26       1F     3E4C       0
                cstackCOMMON                         70       70        E       70       1
                cstackBANK1                          E0       E0       10       E0       1
                cstackBANK2                         160      160        E      160       1
                cstackBANK3                         1A0      1A0       2B      1A0       1
                clrtext                            1D8D     1D8D        6     3B1A       0
                bssBANK11                           5A0      5A0       40      5A0       1
                bssBANK10                           520      520       40      520       1
                bssBANK9                            4A0      4A0       40      4A0       1
                bssBANK8                            420      420       40      420       1
                bssBANK7                            3A0      3A0       40      3A0       1
                bssBANK6                            320      320       40      320       1
                bssBANK5                            2A0      2A0       4B      2A0       1
                dataBANK4                           26A      26A        4      220       1
                bssBANK4                            220      220       4A      220       1
                bssBANK3                            1CB      1CB       25      1A0       1
                bssBANK2                            16E      16E        2      160       1
                stringtext                          14A      14A      1F2      294       0
                idataBANK4                          800      800        4     1000       0

TOTAL           Name                               Link     Load   Length     Space
        CLASS   STACK          

        CLASS   CODE           
                end_init                             E9       E9        2         0
                cinit                                EB       EB       5F         0
                intentry                              4        4       E5         0
                reset_vec                             0        0        3         0
                text78                             1D81     1D81        6         0
                text77                             1D93     1D93        7         0
                text76                             1DD6     1DD6        D         0
                text75                             11DF     11DF       52         0
                text74                             114E     114E       47         0
                text73                              804      804       73         0
                text72                             1780     1780       80         0
                text71                             15A9     15A9       6E         0
                text70                              733      733       CB         0
                text69                             10CF     10CF       3D         0
                text68                             110C     110C       42         0
                text67                             1F45     1F45       20         0
                text66                              8F9      8F9       83         0
                text65                             1025     1025       37         0
                text64                             105C     105C       37         0
                text63                             14E5     14E5       60         0
                text62                             1545     1545       64         0
                text61                             1FA9     1FA9       27         0
                text60                             1D9A     1D9A        9         0
                text59                             1F85     1F85       24         0
                text58                             1093     1093       3C         0
                text57                              60D      60D      126         0
                text56                             1701     1701       7F         0
                text55                             132A     132A       55         0
                text54                             1E70     1E70       18         0
                text53                              A00      A00       8F         0
                text52                             13D4     13D4       5A         0
                text51                             1488     1488       5D         0
                text50                              B21      B21       94         0
                text49                             137F     137F       55         0
                text48                             142E     142E       5A         0
                text47                             1E88     1E88       19         0
                text46                             1000     1000       25         0
                text45                             1EEE     1EEE       1C         0
                text44                             1F65     1F65       20         0
                text43                              CE8      CE8       B0         0
                text42                              F04      F04       FC         0
                text41                              C4A      C4A       9E         0
                text40                             1DF2     1DF2       10         0
                text39                             1D7C     1D7C        5         0
                text38                             1231     1231       52         0
                text37                             1E16     1E16       16         0
                text36                             1688     1688       79         0
                text35                             1D68     1D68        3         0
                text34                             1E2C     1E2C       16         0
                text32                             1D6B     1D6B        3         0
                text31                             1DB5     1DB5        A         0
                text30                             1DCA     1DCA        C         0
                text29                             1D74     1D74        4         0
                text28                             1DBF     1DBF        B         0
                text27                             1E42     1E42       17         0
                text26                             1D87     1D87        6         0
                text25                             1D6E     1D6E        3         0
                text24                             1E02     1E02       14         0
                text23                             1D71     1D71        3         0
                text22                             1DA3     1DA3        9         0
                text21                             1D78     1D78        4         0
                text20                             1ED3     1ED3       1B         0
                text19                              E4B      E4B       B9         0
                text18                              97C      97C       84         0
                text17                              D98      D98       B3         0
                text16                             1DAC     1DAC        9         0
                text15                             1F0A     1F0A       1C         0
                text14                             1DE3     1DE3        F         0
                text13                             1617     1617       71         0
                text12                             12D6     12D6       54         0
                text11                             1283     1283       53         0
                text10                             1EA1     1EA1       19         0
                text9                               877      877       82         0
                text8                              1FD0     1FD0       30         0
                text7                               BB5      BB5       95         0
                text6                               4D8      4D8      135         0
                text5                              1EBA     1EBA       19         0
                text4                               A8F      A8F       92         0
                text3                              1E59     1E59       17         0
                text2                               33C      33C      19C         0
                text1                              1195     1195       4A         0
                maintext                           1F26     1F26       1F         0
                clrtext                            1D8D     1D8D        6         0
                idataBANK4                          800      800        4         0

        CLASS   STRCODE        
                stringtext                          14A      14A      1F2         0

        CLASS   STRING         

        CLASS   CONST          
                swtext1                            1800     1800       1A         0

        CLASS   ENTRY          

        CLASS   COMMON         
                cstackCOMMON                         70       70        E         1

        CLASS   BANK0          

        CLASS   BANK1          
                cstackBANK1                          E0       E0       10         1

        CLASS   BANK2          
                cstackBANK2                         160      160        E         1
                bssBANK2                            16E      16E        2         1

        CLASS   BANK3          
                cstackBANK3                         1A0      1A0       2B         1
                bssBANK3                            1CB      1CB       25         1

        CLASS   BANK4          
                dataBANK4                           26A      26A        4         1
                bssBANK4                            220      220       4A         1

        CLASS   BANK5          
                bssBANK5                            2A0      2A0       4B         1

        CLASS   BANK6          
                bssBANK6                            320      320       40         1

        CLASS   BANK7          
                bssBANK7                            3A0      3A0       40         1

        CLASS   BANK8          
                bssBANK8                            420      420       40         1

        CLASS   BANK9          
                bssBANK9                            4A0      4A0       40         1

        CLASS   BANK10         
                bssBANK10                           520      520       40         1

        CLASS   BANK11         
                bssBANK11                           5A0      5A0       40         1

        CLASS   BANK12         

        CLASS   BIGRAM         

        CLASS   RAM            

        CLASS   ABS1           
                abs_s1                               20       20       50         1
                abs_s1                               7E       7E        2         1
                abs_s1                               A0       A0       48         1
                abs_s1                              120      120       40         1

        CLASS   SFR0           

        CLASS   SFR1           

        CLASS   SFR2           

        CLASS   SFR3           

        CLASS   SFR4           

        CLASS   SFR5           

        CLASS   SFR6           

        CLASS   SFR7           

        CLASS   SFR8           

        CLASS   SFR9           

        CLASS   SFR10          

        CLASS   SFR11          

        CLASS   SFR12          

        CLASS   SFR13          

        CLASS   SFR14          

        CLASS   SFR15          

        CLASS   SFR16          

        CLASS   SFR17          

        CLASS   SFR18          

        CLASS   SFR19          

        CLASS   SFR20          

        CLASS   SFR21          

        CLASS   SFR22          

        CLASS   SFR23          

        CLASS   SFR24          

        CLASS   SFR25          

        CLASS   SFR26          

        CLASS   SFR27          

        CLASS   SFR28          

        CLASS   SFR29          

        CLASS   SFR30          

        CLASS   SFR31          

        CLASS   CONFIG         
                config                             8007     8007        2         0

        CLASS   IDLOC          

        CLASS   BANK31         

        CLASS   BANK30         

        CLASS   BANK29         

        CLASS   BANK28         

        CLASS   BANK27         

        CLASS   BANK26         

        CLASS   BANK25         

        CLASS   BANK24         

        CLASS   BANK23         

        CLASS   BANK22         

        CLASS   BANK21         

        CLASS   BANK20         

        CLASS   BANK19         

        CLASS   BANK18         

        CLASS   BANK17         

        CLASS   BANK16         

        CLASS   BANK15         

        CLASS   BANK14         

        CLASS   BANK13         

        CLASS   EEDATA         



SEGMENTS        Name                           Load    Length   Top    Selector   Space  Class     Delta

                reset_vec                      000000  000003  000003         0       0  CODE        2
                intentry                       000004  000146  00014A         8       0  CODE        2
                cstackCOMMON                   000070  00000E  00007E        70       1  COMMON      1
                cstackBANK1                    0000E0  000010  0000F0        E0       1  BANK1       1
                cstackBANK2                    000160  000010  000170       160       1  BANK2       1
                cstackBANK3                    0001A0  000050  0001F0       1A0       1  BANK3       1
                bssBANK4                       000220  00004E  00026E       220       1  BANK4       1
                stringtext                     00014A  0001F2  00033C       294       0  STRCODE     2
                bssBANK5                       0002A0  00004B  0002EB       2A0       1  BANK5       1
                bssBANK6                       000320  000040  000360       320       1  BANK6       1
                bssBANK7                       0003A0  000040  0003E0       3A0       1  BANK7       1
                bssBANK8                       000420  000040  000460       420       1  BANK8       1
                bssBANK9                       0004A0  000040  0004E0       4A0       1  BANK9       1
                bssBANK10                      000520  000040  000560       520       1  BANK10      1
                bssBANK11                      0005A0  000040  0005E0       5A0       1  BANK11      1
                text2                          00033C  0004C2  0007FE       678       0  CODE        2
                idataBANK4                     000800  000004  000804      1000       0  CODE        2
                text73                         000804  000073  000877      1008       0  CODE        2
                text9                          000877  000082  0008F9      10EE       0  CODE        2
                text66                         0008F9  000083  00097C      11F2       0  CODE        2
                text18                         00097C  000084  000A00      12F8       0  CODE        2
                text53                         000A00  00008F  000A8F      1400       0  CODE        2
                text4                          000A8F  000092  000B21      151E       0  CODE        2
                text50                         000B21  000094  000BB5      1642       0  CODE        2
                text7                          000BB5  000095  000C4A      176A       0  CODE        2
                text41                         000C4A  00009E  000CE8      1894       0  CODE        2
                text43                         000CE8  0000B0  000D98      19D0       0  CODE        2
                text17                         000D98  0000B3  000E4B      1B30       0  CODE        2
                text19                         000E4B  0000B9  000F04      1C96       0  CODE        2
                text42                         000F04  000121  001025      1E08       0  CODE        2
                text65                         001025  000037  00105C      204A       0  CODE        2
                text64                         00105C  000037  001093      20B8       0  CODE        2
                text58                         001093  00003C  0010CF      2126       0  CODE        2
                text69                         0010CF  00003D  00110C      219E       0  CODE        2
                text68                         00110C  000042  00114E      2218       0  CODE        2
                text74                         00114E  000047  001195      229C       0  CODE        2
                text1                          001195  00004A  0011DF      232A       0  CODE        2
                text75                         0011DF  000052  001231      23BE       0  CODE        2
                text38                         001231  000052  001283      2462       0  CODE        2
                text11                         001283  000053  0012D6      2506       0  CODE        2
                text12                         0012D6  000054  00132A      25AC       0  CODE        2
                text55                         00132A  000055  00137F      2654       0  CODE        2
                text49                         00137F  000055  0013D4      26FE       0  CODE        2
                text52                         0013D4  00005A  00142E      27A8       0  CODE        2
                text48                         00142E  00005A  001488      285C       0  CODE        2
                text51                         001488  00005D  0014E5      2910       0  CODE        2
                text63                         0014E5  000060  001545      29CA       0  CODE        2
                text62                         001545  000064  0015A9      2A8A       0  CODE        2
                text71                         0015A9  00006E  001617      2B52       0  CODE        2
                text13                         001617  000071  001688      2C2E       0  CODE        2
                text36                         001688  000079  001701      2D10       0  CODE        2
                text56                         001701  00007F  001780      2E02       0  CODE        2
                text72                         001780  000080  001800      2F00       0  CODE        2
                swtext1                        001800  00001A  00181A      3000       0  CONST       2
                text35                         001D68  000003  001D6B      3AD0       0  CODE        2
                text32                         001D6B  000003  001D6E      3AD6       0  CODE        2
                text25                         001D6E  000003  001D71      3ADC       0  CODE        2
                text23                         001D71  000003  001D74      3AE2       0  CODE        2
                text29                         001D74  000004  001D78      3AE8       0  CODE        2
                text21                         001D78  000004  001D7C      3AF0       0  CODE        2
                text39                         001D7C  000005  001D81      3AF8       0  CODE        2
                text78                         001D81  000006  001D87      3B02       0  CODE        2
                text26                         001D87  000006  001D8D      3B0E       0  CODE        2
                clrtext                        001D8D  000006  001D93      3B1A       0  CODE        2
                text77                         001D93  000007  001D9A      3B26       0  CODE        2
                text60                         001D9A  000009  001DA3      3B34       0  CODE        2
                text22                         001DA3  000009  001DAC      3B46       0  CODE        2
                text16                         001DAC  000009  001DB5      3B58       0  CODE        2
                text31                         001DB5  00000A  001DBF      3B6A       0  CODE        2
                text28                         001DBF  00000B  001DCA      3B7E       0  CODE        2
                text30                         001DCA  00000C  001DD6      3B94       0  CODE        2
                text76                         001DD6  00000D  001DE3      3BAC       0  CODE        2
                text14                         001DE3  00000F  001DF2      3BC6       0  CODE        2
                text40                         001DF2  000010  001E02      3BE4       0  CODE        2
                text24                         001E02  000014  001E16      3C04       0  CODE        2
                text37                         001E16  000016  001E2C      3C2C       0  CODE        2
                text34                         001E2C  000016  001E42      3C58       0  CODE        2
                text27                         001E42  000017  001E59      3C84       0  CODE        2
                text3                          001E59  000017  001E70      3CB2       0  CODE        2
                text54                         001E70  000018  001E88      3CE0       0  CODE        2
                text47                         001E88  000019  001EA1      3D10       0  CODE        2
                text10                         001EA1  000019  001EBA      3D42       0  CODE        2
                text5                          001EBA  000019  001ED3      3D74       0  CODE        2
                text20                         001ED3  00001B  001EEE      3DA6       0  CODE        2
                text45                         001EEE  00001C  001F0A      3DDC       0  CODE        2
                text15                         001F0A  00001C  001F26      3E14       0  CODE        2
                maintext                       001F26  00001F  001F45      3E4C       0  CODE        2
                text67                         001F45  000020  001F65      3E8A       0  CODE        2
                text44                         001F65  000020  001F85      3ECA       0  CODE        2
                text59                         001F85  000024  001FA9      3F0A       0  CODE        2
                text61                         001FA9  000027  001FD0      3F52       0  CODE        2
                text8                          001FD0  000030  002000      3FA0       0  CODE        2
                config                         008007  000002  008009     1000E       0  CONFIG      2


UNUSED ADDRESS RANGES

        Name                Unused          Largest block    Delta
        BANK10           00560-0056F              10           1
        BANK11           005E0-005EF              10           1
        BANK12           00620-0064F              30           1
        BANK4            0026E-0026F               2           1
        BANK5            002EB-002EF               5           1
        BANK6            00360-0036F              10           1
        BANK7            003E0-003EF              10           1
        BANK8            00460-0046F              10           1
        BANK9            004E0-004EF              10           1
        BIGRAM           02000-023EF             3F0           1
        CODE             00003-00003               1           2
                         007FE-007FF               2
                         0181A-01D67             54E
        CONST            00003-00003               1           2
                         007FE-007FF               2
                         0181A-01D67             100
        ENTRY            00003-00003               1           2
                         007FE-007FF               2
                         0181A-01D67             100
        IDLOC            08000-08003               4           2
        RAM              0026E-0026F               2           1
                         002EB-002EF               5
                         00360-0036F              10
                         003E0-003EF              10
                         00460-0046F              10
                         004E0-004EF              10
                         00560-0056F              10
                         005E0-005EF              10
                         00620-0064F              30
        SFR0             00000-0001F              20           1
        SFR1             00080-0009F              20           1
        SFR10            00500-0051F              20           1
        SFR11            00580-0059F              20           1
        SFR12            00600-0061F              20           1
        SFR13            00680-006EF              70           1
        SFR14            00700-0076F              70           1
        SFR15            00780-007EF              70           1
        SFR16            00800-0086F              70           1
        SFR17            00880-008EF              70           1
        SFR18            00900-0096F              70           1
        SFR19            00980-009EF              70           1
        SFR2             00100-0011F              20           1
        SFR20            00A00-00A6F              70           1
        SFR21            00A80-00AEF              70           1
        SFR22            00B00-00B6F              70           1
        SFR23            00B80-00BEF              70           1
        SFR24            00C00-00C6F              70           1
        SFR25            00C80-00CEF              70           1
        SFR26            00D00-00D6F              70           1
        SFR27            00D80-00DEF              70           1
        SFR28            00E00-00E6F              70           1
        SFR29            00E80-00EEF              70           1
        SFR3             00180-0019F              20           1
        SFR30            00F00-00F6F              70           1
        SFR31            00F80-00FEF              70           1
        SFR4             00200-0021F              20           1
        SFR5             00280-0029F              20           1
        SFR6             00300-0031F              20           1
        SFR7             00380-0039F              20           1
        SFR8             00400-0041F              20           1
        SFR9             00480-0049F              20           1
        STACK            023B0-023EF              40           1
        STRCODE          00003-00003               1           2
                         007FE-007FF               2
                         0181A-01D67             54E
        STRING           00003-00003               1           2
                         007FE-007FF               2
                         0181A-01D67             100

                                  Symbol Table

?_ADC_GetConversionResult                    cstackCOMMON 00070
?_USBTransferOnePacket                       cstackBANK3  001A0
?___aldiv                                    cstackBANK3  001AC
?___lldiv                                    cstackBANK3  001AC
?___lmul                                     cstackBANK3  001A0
?___wmul                                     cstackBANK3  001A0
?_atoi                                       cstackBANK3  001A6
?i1_USBTransferOnePacket                     cstackCOMMON 00070
?i1___lldiv                                  cstackCOMMON 00070
ADC_SelectChannel@channel                    cstackCOMMON 00071
CDCTxService2@byte_to_send                   cstackCOMMON 0007D
CDCTxService2@i                              cstackCOMMON 0007C
CDCTxService@byte_to_send                    cstackBANK3  001AD
CDCTxService@i                               cstackBANK3  001AC
INTERRUPT_InterruptManager@pwm               cstackBANK2  0016C
INTERRUPT_InterruptManager@pwmCorrection     bssBANK4     00245
PWM2_LoadDutyValue@dutyValue                 cstackBANK3  001A0
USART_getcUSART@c                            cstackCOMMON 00071
USART_mySetLineCodingHandler@dwBaud          cstackBANK1  000E4
USART_putcUSART@c                            cstackCOMMON 00070
USBConfigureEndpoint@EPNum                   cstackCOMMON 00075
USBConfigureEndpoint@direction               cstackCOMMON 00070
USBConfigureEndpoint@handle                  cstackCOMMON 00076
USBCtrlTrfInHandler@lastDTS                  cstackBANK1  000EA
USBCtrlTrfRxService@byteToRead               cstackBANK1  000EB
USBCtrlTrfRxService@i                        cstackBANK1  000EA
USBCtrlTrfTxService@byteToSend               cstackCOMMON 00072
USBDeviceInit@i                              cstackBANK3  001A4
USBDeviceInit@i_1118                         cstackBANK3  001A3
USBDeviceInit@p                              cstackBANK3  001A1
USBDeviceTasks@i                             cstackBANK1  000EF
USBEnableEndpoint@ep                         cstackCOMMON 0007C
USBEnableEndpoint@options                    cstackCOMMON 00077
USBEnableEndpoint@p                          cstackCOMMON 0007A
USBStdFeatureReqHandler@current_ep_data      cstackBANK1  000EA
USBStdFeatureReqHandler@p                    cstackBANK1  000EB
USBStdFeatureReqHandler@pUEP                 cstackBANK1  000E8
USBStdGetStatusHandler@p                     cstackCOMMON 00071
USBStdSetCfgHandler@i                        cstackBANK1  000EA
USBStdSetCfgHandler@i_1459                   cstackBANK1  000E9
USBStdSetCfgHandler@p                        cstackBANK1  000E7
USBTransferOnePacket@data                    cstackBANK3  001A1
USBTransferOnePacket@dir                     cstackBANK3  001A0
USBTransferOnePacket@ep                      cstackBANK3  001A8
USBTransferOnePacket@handle                  cstackBANK3  001A9
USBTransferOnePacket@len                     cstackBANK3  001A3
USER_USB_CALLBACK_EVENT_HANDLER@event        cstackBANK1  000E0
USER_USB_CALLBACK_EVENT_HANDLER@pdata        cstackBANK1  000E2
USER_USB_CALLBACK_EVENT_HANDLER@size         cstackBANK1  000E4
_ACTCON                                      (abs)        0039B
_ADCON0                                      (abs)        0009D
_ADCON0bits                                  (abs)        0009D
_ADCON1                                      (abs)        0009E
_ADCON2                                      (abs)        0009F
_ADC_GetConversionResult                     text78       01D81
_ADC_Initialize                              text31       01DB5
_ADC_IsConversionDone                        text77       01D93
_ADC_SelectChannel                           text76       01DD6
_ADC_StartConversion                         text32       01D6B
_ADRESH                                      (abs)        0009C
_ADRESL                                      (abs)        0009B
_ANSELA                                      (abs)        0018C
_ANSELC                                      (abs)        0018E
_APFCON                                      (abs)        0011D
_BAUDCON                                     (abs)        0019F
_BDT                                         (abs)        00020
_BothEP0OutUOWNsSet                          bssBANK4     00246
_CDCDataInHandle                             bssBANK4     00227
_CDCDataInHandle2                            bssBANK4     00229
_CDCDataOutHandle                            bssBANK4     0022B
_CDCDataOutHandle2                           bssBANK4     0022D
_CDCInitEP                                   text65       01025
_CDCInitEP2                                  text64       0105C
_CDCTxService                                text17       00D98
_CDCTxService2                               text41       00C4A
_CtrlTrfData                                 (abs)        000A8
_EUSART_Initialize                           text30       01DCA
_FVRCON                                      (abs)        00117
_FVRCONbits                                  (abs)        00117
_FVR_Initialize                              text29       01D74
_INTCONbits                                  (abs)        0000B
_INTERRUPT_InterruptManager                  intentry     00004
_Iadc                                        bssBANK3     001DA
_Iadc_limit                                  bssBANK4     0022F
_LATA                                        (abs)        0010C
_LATAbits                                    (abs)        0010C
_LATC                                        (abs)        0010E
_LATCbits                                    (abs)        0010E
_LastRS232Out                                bssBANK4     00247
_MAIN_Iout_limit_mA                          dataBANK4    0026A
_MAIN_Iout_mA                                bssBANK4     00231
_MAIN_Uout_mV                                bssBANK4     00233
_MAIN_Uout_target_mV                         bssBANK4     00264
_MAIN_ovcFlag                                bssBANK4     00248
_MAIN_upConverterFlag                        bssBANK4     00249
_NextUSBOut                                  bssBANK3     001DE
_OPTION_REGbits                              (abs)        00095
_OSCCON                                      (abs)        00099
_OSCILLATOR_Initialize                       text28       01DBF
_OSCTUNE                                     (abs)        00098
_PIE1bits                                    (abs)        00091
_PIE2bits                                    (abs)        00092
_PIN_MANAGER_Initialize                      text27       01E42
_PIR1bits                                    (abs)        00011
_PIR2bits                                    (abs)        00012
_PLLRDY                                      (abs)        004D6
_PR2                                         (abs)        0001B
_PWM2CON                                     (abs)        00616
_PWM2DCH                                     (abs)        00615
_PWM2DCL                                     (abs)        00614
_PWM2_Initialize                             text26       01D87
_PWM2_LoadDutyValue                          text10       01EA1
_PwmDutyCycleCurrentLimit                    bssBANK3     001DF
_PwmDutyCycleVoltageLimit                    bssBANK4     0024A
_RCREG                                       (abs)        00199
_RCSTA                                       (abs)        0019D
_RCSTAbits                                   (abs)        0019D
_RS232_Out_Data                              bssBANK11    005A0
_RS232_Out_Data_Rdy                          bssBANK4     0024B
_RS232cp                                     bssBANK4     0024C
_RemoteWakeup                                bssBANK4     0024D
_SPBRG                                       (abs)        0019B
_SPBRGH                                      (abs)        0019C
_SPBRGL                                      (abs)        0019B
_SYSTEM_Initialize                           text20       01ED3
_SetupPkt                                    (abs)        000A0
_T1CON                                       (abs)        00018
_T1CONbits                                   (abs)        00018
_T1GCON                                      (abs)        00019
_T1GCONbits                                  (abs)        00019
_T2CON                                       (abs)        0001C
_T2CONbits                                   (abs)        0001C
_TMR1H                                       (abs)        00017
_TMR1IF                                      (abs)        00088
_TMR1L                                       (abs)        00016
_TMR1_Initialize                             text24       01E02
_TMR1_Reload                                 text16       01DAC
_TMR1_StartTimer                             text25       01D6E
_TMR2                                        (abs)        0001A
_TMR2_Initialize                             text22       01DA3
_TMR2_StartTimer                             text23       01D71
_TRISA                                       (abs)        0008C
_TRISC                                       (abs)        0008E
_TXREG                                       (abs)        0019A
_TXSTA                                       (abs)        0019E
_TXSTAbits                                   (abs)        0019E
_UADDR                                       (abs)        00E96
_UCFG                                        (abs)        00E91
_UCON                                        (abs)        00E8E
_UCONbits                                    (abs)        00E8E
_UEIE                                        (abs)        00E97
_UEIR                                        (abs)        00E93
_UEP0                                        (abs)        00E98
_UEP0bits                                    (abs)        00E98
_UEP1                                        (abs)        00E99
_UIE                                         (abs)        00E92
_UIEbits                                     (abs)        00E92
_UIR                                         (abs)        00E90
_UIRbits                                     (abs)        00E90
_USART_getcUSART                             text40       01DF2
_USART_mySetLineCodingHandler                text74       0114E
_USART_putcUSART                             text39       01D7C
_USB1msTickCount                             bssBANK5     002C6
_USBActiveConfiguration                      bssBANK3     001EE
_USBAlternateInterface                       bssBANK4     00268
_USBBusIsSuspended                           bssBANK4     0024E
_USBCheckCDCRequest                          text63       014E5
_USBCheckCDCRequest2                         text62       01545
_USBCheckStdRequest                          text52       013D4
_USBConfigureEndpoint                        text68       0110C
_USBCtrlEPAllowDataStage                     text51       01488
_USBCtrlEPAllowStatusStage                   text71       015A9
_USBCtrlEPService                            text48       0142E
_USBCtrlEPServiceComplete                    text50       00B21
_USBCtrlTrfInHandler                         text72       01780
_USBCtrlTrfOutHandler                        text69       010CF
_USBCtrlTrfRxService                         text70       00733
_USBCtrlTrfSetupHandler                      text49       0137F
_USBCtrlTrfTxService                         text73       00804
_USBDeferINDataStagePackets                  bssBANK4     0024F
_USBDeferOUTDataStagePackets                 bssBANK4     00250
_USBDeferStatusStagePacket                   bssBANK3     001E0
_USBDeviceInit                               text19       00E4B
_USBDeviceState                              bssBANK3     001E1
_USBDeviceTasks                              text42       00F04
_USBEnableEndpoint                           text67       01F45
_USBIncrement1msInternalTimers               text47       01E88
_USBStallHandler                             text46       01000
_USBStatusStageEnabledFlag1                  bssBANK4     00251
_USBStatusStageEnabledFlag2                  bssBANK4     00252
_USBStatusStageTimeoutCounter                bssBANK4     00253
_USBStdFeatureReqHandler                     text57       0060D
_USBStdGetDscHandler                         text56       01701
_USBStdGetStatusHandler                      text55       0132A
_USBStdSetCfgHandler                         text53       00A00
_USBSuspend                                  text45       01EEE
_USBTicksSinceSuspendEnd                     bssBANK4     00254
_USBTransferOnePacket                        text18       0097C
_USBWakeFromSuspend                          text44       01F65
_USB_CD_Ptr                                  stringtext   001B3
_USB_Out_Buffer                              bssBANK8     00420
_USB_SD_Ptr                                  stringtext   001A4
_USER_USB_CALLBACK_EVENT_HANDLER             text58       01093
_USTAT                                       (abs)        00E8F
_USTATcopy                                   bssBANK3     001EF
_Uadc                                        bssBANK3     001EC
_Uadc_target                                 bssBANK4     00239
_WDTCON                                      (abs)        00097
_WDT_Initialize                              text21       01D78
_WPUA                                        (abs)        0020C
__CFG_BOREN$ON                               (abs)        00000
__CFG_BORV$LO                                (abs)        00000
__CFG_CLKOUTEN$OFF                           (abs)        00000
__CFG_CP$ON                                  (abs)        00000
__CFG_CPUDIV$NOCLKDIV                        (abs)        00000
__CFG_FCMEN$OFF                              (abs)        00000
__CFG_FOSC$INTOSC                            (abs)        00000
__CFG_IESO$OFF                               (abs)        00000
__CFG_LPBOR$OFF                              (abs)        00000
__CFG_LVP$OFF                                (abs)        00000
__CFG_MCLRE$ON                               (abs)        00000
__CFG_PLLEN$ENABLED                          (abs)        00000
__CFG_PLLMULT$3x                             (abs)        00000
__CFG_PWRTE$OFF                              (abs)        00000
__CFG_STVREN$ON                              (abs)        00000
__CFG_USBLSCLK$48MHz                         (abs)        00000
__CFG_WDTE$ON                                (abs)        00000
__CFG_WRT$OFF                                (abs)        00000
__Habs1                                      abs1         00000
__Hbank0                                     bank0        00000
__Hbank1                                     bank1        00000
__Hbank10                                    bank10       00000
__Hbank11                                    bank11       00000
__Hbank12                                    bank12       00000
__Hbank13                                    bank13       00000
__Hbank14                                    bank14       00000
__Hbank15                                    bank15       00000
__Hbank16                                    bank16       00000
__Hbank17                                    bank17       00000
__Hbank18                                    bank18       00000
__Hbank19                                    bank19       00000
__Hbank2                                     bank2        00000
__Hbank20                                    bank20       00000
__Hbank21                                    bank21       00000
__Hbank22                                    bank22       00000
__Hbank23                                    bank23       00000
__Hbank24                                    bank24       00000
__Hbank25                                    bank25       00000
__Hbank26                                    bank26       00000
__Hbank27                                    bank27       00000
__Hbank28                                    bank28       00000
__Hbank29                                    bank29       00000
__Hbank3                                     bank3        00000
__Hbank30                                    bank30       00000
__Hbank31                                    bank31       00000
__Hbank4                                     bank4        00000
__Hbank5                                     bank5        00000
__Hbank6                                     bank6        00000
__Hbank7                                     bank7        00000
__Hbank8                                     bank8        00000
__Hbank9                                     bank9        00000
__Hbigram                                    bigram       00000
__HbssBANK10                                 bssBANK10    00000
__HbssBANK11                                 bssBANK11    00000
__HbssBANK2                                  bssBANK2     00000
__HbssBANK3                                  bssBANK3     00000
__HbssBANK4                                  bssBANK4     00000
__HbssBANK5                                  bssBANK5     00000
__HbssBANK6                                  bssBANK6     00000
__HbssBANK7                                  bssBANK7     00000
__HbssBANK8                                  bssBANK8     00000
__HbssBANK9                                  bssBANK9     00000
__Hcinit                                     cinit        0014A
__Hclrtext                                   clrtext      00000
__Hcode                                      code         00000
__Hcommon                                    common       00000
__Hconfig                                    config       08009
__HcstackBANK1                               cstackBANK1  00000
__HcstackBANK2                               cstackBANK2  00000
__HcstackBANK3                               cstackBANK3  00000
__HcstackCOMMON                              cstackCOMMON 00000
__HdataBANK4                                 dataBANK4    00000
__Heeprom_data                               eeprom_data  00000
__Hend_init                                  end_init     000EB
__Hfunctab                                   functab      00000
__HidataBANK4                                idataBANK4   00000
__Hidloc                                     idloc        00000
__Hinit                                      init         000E9
__Hintentry                                  intentry     000E9
__Hmaintext                                  maintext     00000
__Hpowerup                                   powerup      00000
__Hram                                       ram          00000
__Hreset_vec                                 reset_vec    00003
__Hsfr0                                      sfr0         00000
__Hsfr1                                      sfr1         00000
__Hsfr10                                     sfr10        00000
__Hsfr11                                     sfr11        00000
__Hsfr12                                     sfr12        00000
__Hsfr13                                     sfr13        00000
__Hsfr14                                     sfr14        00000
__Hsfr15                                     sfr15        00000
__Hsfr16                                     sfr16        00000
__Hsfr17                                     sfr17        00000
__Hsfr18                                     sfr18        00000
__Hsfr19                                     sfr19        00000
__Hsfr2                                      sfr2         00000
__Hsfr20                                     sfr20        00000
__Hsfr21                                     sfr21        00000
__Hsfr22                                     sfr22        00000
__Hsfr23                                     sfr23        00000
__Hsfr24                                     sfr24        00000
__Hsfr25                                     sfr25        00000
__Hsfr26                                     sfr26        00000
__Hsfr27                                     sfr27        00000
__Hsfr28                                     sfr28        00000
__Hsfr29                                     sfr29        00000
__Hsfr3                                      sfr3         00000
__Hsfr30                                     sfr30        00000
__Hsfr31                                     sfr31        00000
__Hsfr4                                      sfr4         00000
__Hsfr5                                      sfr5         00000
__Hsfr6                                      sfr6         00000
__Hsfr7                                      sfr7         00000
__Hsfr8                                      sfr8         00000
__Hsfr9                                      sfr9         00000
__Hspace_0                                   (abs)        08009
__Hspace_1                                   (abs)        005E0
__Hspace_2                                   (abs)        00000
__Hspace_3                                   (abs)        00000
__Hstack                                     stack        00000
__Hstrings                                   strings      00000
__Hstringtext                                stringtext   00000
__Htext                                      text         00000
__Labs1                                      abs1         00000
__Lbank0                                     bank0        00000
__Lbank1                                     bank1        00000
__Lbank10                                    bank10       00000
__Lbank11                                    bank11       00000
__Lbank12                                    bank12       00000
__Lbank13                                    bank13       00000
__Lbank14                                    bank14       00000
__Lbank15                                    bank15       00000
__Lbank16                                    bank16       00000
__Lbank17                                    bank17       00000
__Lbank18                                    bank18       00000
__Lbank19                                    bank19       00000
__Lbank2                                     bank2        00000
__Lbank20                                    bank20       00000
__Lbank21                                    bank21       00000
__Lbank22                                    bank22       00000
__Lbank23                                    bank23       00000
__Lbank24                                    bank24       00000
__Lbank25                                    bank25       00000
__Lbank26                                    bank26       00000
__Lbank27                                    bank27       00000
__Lbank28                                    bank28       00000
__Lbank29                                    bank29       00000
__Lbank3                                     bank3        00000
__Lbank30                                    bank30       00000
__Lbank31                                    bank31       00000
__Lbank4                                     bank4        00000
__Lbank5                                     bank5        00000
__Lbank6                                     bank6        00000
__Lbank7                                     bank7        00000
__Lbank8                                     bank8        00000
__Lbank9                                     bank9        00000
__Lbigram                                    bigram       00000
__LbssBANK10                                 bssBANK10    00000
__LbssBANK11                                 bssBANK11    00000
__LbssBANK2                                  bssBANK2     00000
__LbssBANK3                                  bssBANK3     00000
__LbssBANK4                                  bssBANK4     00000
__LbssBANK5                                  bssBANK5     00000
__LbssBANK6                                  bssBANK6     00000
__LbssBANK7                                  bssBANK7     00000
__LbssBANK8                                  bssBANK8     00000
__LbssBANK9                                  bssBANK9     00000
__Lcinit                                     cinit        000EB
__Lclrtext                                   clrtext      00000
__Lcode                                      code         00000
__Lcommon                                    common       00000
__Lconfig                                    config       08007
__LcstackBANK1                               cstackBANK1  00000
__LcstackBANK2                               cstackBANK2  00000
__LcstackBANK3                               cstackBANK3  00000
__LcstackCOMMON                              cstackCOMMON 00000
__LdataBANK4                                 dataBANK4    00000
__Leeprom_data                               eeprom_data  00000
__Lend_init                                  end_init     000E9
__Lfunctab                                   functab      00000
__LidataBANK4                                idataBANK4   00000
__Lidloc                                     idloc        00000
__Linit                                      init         000E9
__Lintentry                                  intentry     00004
__Lmaintext                                  maintext     00000
__Lpowerup                                   powerup      00000
__Lram                                       ram          00000
__Lreset_vec                                 reset_vec    00000
__Lsfr0                                      sfr0         00000
__Lsfr1                                      sfr1         00000
__Lsfr10                                     sfr10        00000
__Lsfr11                                     sfr11        00000
__Lsfr12                                     sfr12        00000
__Lsfr13                                     sfr13        00000
__Lsfr14                                     sfr14        00000
__Lsfr15                                     sfr15        00000
__Lsfr16                                     sfr16        00000
__Lsfr17                                     sfr17        00000
__Lsfr18                                     sfr18        00000
__Lsfr19                                     sfr19        00000
__Lsfr2                                      sfr2         00000
__Lsfr20                                     sfr20        00000
__Lsfr21                                     sfr21        00000
__Lsfr22                                     sfr22        00000
__Lsfr23                                     sfr23        00000
__Lsfr24                                     sfr24        00000
__Lsfr25                                     sfr25        00000
__Lsfr26                                     sfr26        00000
__Lsfr27                                     sfr27        00000
__Lsfr28                                     sfr28        00000
__Lsfr29                                     sfr29        00000
__Lsfr3                                      sfr3         00000
__Lsfr30                                     sfr30        00000
__Lsfr31                                     sfr31        00000
__Lsfr4                                      sfr4         00000
__Lsfr5                                      sfr5         00000
__Lsfr6                                      sfr6         00000
__Lsfr7                                      sfr7         00000
__Lsfr8                                      sfr8         00000
__Lsfr9                                      sfr9         00000
__Lspace_0                                   (abs)        00000
__Lspace_1                                   (abs)        00000
__Lspace_2                                   (abs)        00000
__Lspace_3                                   (abs)        00000
__Lstack                                     stack        00000
__Lstrings                                   strings      00000
__Lstringtext                                stringtext   00000
__Ltext                                      text         00000
__S0                                         (abs)        08009
__S1                                         (abs)        005E0
__S2                                         (abs)        00000
___aldiv                                     text9        00877
___aldiv@counter                             cstackBANK3  001B5
___aldiv@dividend                            cstackBANK3  001B0
___aldiv@divisor                             cstackBANK3  001AC
___aldiv@quotient                            cstackBANK3  001B7
___aldiv@sign                                cstackBANK3  001B6
___int_sp                                    stack        00000
___latbits                                   (abs)        00002
___lldiv                                     text11       01283
___lldiv@counter                             cstackBANK3  001B9
___lldiv@dividend                            cstackBANK3  001B0
___lldiv@divisor                             cstackBANK3  001AC
___lldiv@quotient                            cstackBANK3  001B5
___lmul                                      text8        01FD0
___lmul@multiplicand                         cstackBANK3  001A4
___lmul@multiplier                           cstackBANK3  001A0
___lmul@product                              cstackBANK3  001A8
___sp                                        stack        00000
___wmul                                      text15       01F0A
___wmul@multiplicand                         cstackBANK3  001A2
___wmul@multiplier                           cstackBANK3  001A0
___wmul@product                              cstackBANK3  001A4
__end_of_ADC_GetConversionResult             text78       01D87
__end_of_ADC_Initialize                      text31       01DBF
__end_of_ADC_IsConversionDone                text77       01D9A
__end_of_ADC_SelectChannel                   text76       01DE3
__end_of_ADC_StartConversion                 text32       01D6E
__end_of_CDCInitEP                           text65       0105C
__end_of_CDCInitEP2                          text64       01093
__end_of_CDCTxService                        text17       00E4B
__end_of_CDCTxService2                       text41       00CE8
__end_of_EUSART_Initialize                   text30       01DD6
__end_of_FVR_Initialize                      text29       01D78
__end_of_INTERRUPT_InterruptManager          intentry     000E9
__end_of_OSCILLATOR_Initialize               text28       01DCA
__end_of_PIN_MANAGER_Initialize              text27       01E59
__end_of_PWM2_Initialize                     text26       01D8D
__end_of_PWM2_LoadDutyValue                  text10       01EBA
__end_of_SYSTEM_Initialize                   text20       01EEE
__end_of_TMR1_Initialize                     text24       01E16
__end_of_TMR1_Reload                         text16       01DB5
__end_of_TMR1_StartTimer                     text25       01D71
__end_of_TMR2_Initialize                     text22       01DAC
__end_of_TMR2_StartTimer                     text23       01D74
__end_of_USART_getcUSART                     text40       01E02
__end_of_USART_mySetLineCodingHandler        text74       01195
__end_of_USART_putcUSART                     text39       01D81
__end_of_USBCheckCDCRequest                  text63       01545
__end_of_USBCheckCDCRequest2                 text62       015A9
__end_of_USBCheckStdRequest                  text52       0142E
__end_of_USBConfigureEndpoint                text68       0114E
__end_of_USBCtrlEPAllowDataStage             text51       014E5
__end_of_USBCtrlEPAllowStatusStage           text71       01617
__end_of_USBCtrlEPService                    text48       01488
__end_of_USBCtrlEPServiceComplete            text50       00BB5
__end_of_USBCtrlTrfInHandler                 text72       01800
__end_of_USBCtrlTrfOutHandler                text69       0110C
__end_of_USBCtrlTrfRxService                 text70       007FE
__end_of_USBCtrlTrfSetupHandler              text49       013D4
__end_of_USBCtrlTrfTxService                 text73       00877
__end_of_USBDeviceInit                       text19       00F04
__end_of_USBDeviceTasks                      text42       01000
__end_of_USBEnableEndpoint                   text67       01F65
__end_of_USBIncrement1msInternalTimers       text47       01EA1
__end_of_USBStallHandler                     text46       01025
__end_of_USBStdFeatureReqHandler             text57       00733
__end_of_USBStdGetDscHandler                 text56       01780
__end_of_USBStdGetStatusHandler              text55       0137F
__end_of_USBStdSetCfgHandler                 text53       00A8F
__end_of_USBSuspend                          text45       01F0A
__end_of_USBTransferOnePacket                text18       00A00
__end_of_USBWakeFromSuspend                  text44       01F85
__end_of_USB_CD_Ptr                          stringtext   001B7
__end_of_USB_SD_Ptr                          stringtext   001AE
__end_of_USER_USB_CALLBACK_EVENT_HANDLER     text58       010CF
__end_of_WDT_Initialize                      text21       01D7C
__end_of___aldiv                             text9        008F9
__end_of___lldiv                             text11       012D6
__end_of___lmul                              text8        02000
__end_of___wmul                              text15       01F26
__end_of__initialization                     cinit        00146
__end_of_atoi                                text13       01688
__end_of_configDescriptor1                   stringtext   00244
__end_of_device_dsc                          stringtext   00304
__end_of_dividerArray                        stringtext   001A4
__end_of_errorMsg                            stringtext   00311
__end_of_getsUSBUSART                        text12       0132A
__end_of_getsUSBUSART2                       text38       01283
__end_of_isdigit                             text14       01DF2
__end_of_main                                maintext     01F45
__end_of_main_CDC_to_RS485_Initialize        text61       01FD0
__end_of_main_CDC_to_RS485_Tasks             text36       01701
__end_of_main_CommunicationHandler           text2        004D8
__end_of_main_Communication_Initialize       text59       01FA9
__end_of_main_SetDcDcRegulator               text6        0060D
__end_of_main_overcurrentProtection          text1        011DF
__end_of_main_switchStepUp_Down              text7        00C4A
__end_of_memset                              text5        01ED3
__end_of_my_uitoa                            text4        00B21
__end_of_okMsg                               stringtext   001B3
__end_of_putUSBUSART                         text3        01E70
__end_of_putUSBUSART2                        text37       01E2C
__end_of_sd000                               stringtext   00315
__end_of_sd001                               stringtext   002F2
__end_of_sd002                               stringtext   002AA
__end_of_sd003                               stringtext   00278
__end_of_sd004                               stringtext   002DC
__end_ofi1_ADC_StartConversion               text35       01D6B
__end_ofi1_PWM2_LoadDutyValue                text34       01E42
__end_ofi1_TMR1_Reload                       text60       01DA3
__end_ofi1_USBDeviceInit                     text43       00D98
__end_ofi1_USBTransferOnePacket              text66       0097C
__end_ofi1___lldiv                           text75       01231
__end_ofi1_memset                            text54       01E88
__initialization                             cinit        000EB
__pbssBANK10                                 bssBANK10    00520
__pbssBANK11                                 bssBANK11    005A0
__pbssBANK2                                  bssBANK2     0016E
__pbssBANK3                                  bssBANK3     001CB
__pbssBANK4                                  bssBANK4     00220
__pbssBANK5                                  bssBANK5     002A0
__pbssBANK6                                  bssBANK6     00320
__pbssBANK7                                  bssBANK7     003A0
__pbssBANK8                                  bssBANK8     00420
__pbssBANK9                                  bssBANK9     004A0
__pcstackBANK1                               cstackBANK1  000E0
__pcstackBANK2                               cstackBANK2  00160
__pcstackBANK3                               cstackBANK3  001A0
__pcstackCOMMON                              cstackCOMMON 00070
__pdataBANK4                                 dataBANK4    0026A
__pidataBANK4                                idataBANK4   00800
__pintentry                                  intentry     00004
__pmaintext                                  maintext     01F26
__pstringtext                                stringtext   0014A
__pswtext1                                   swtext1      01800
__ptext1                                     text1        01195
__ptext10                                    text10       01EA1
__ptext11                                    text11       01283
__ptext12                                    text12       012D6
__ptext13                                    text13       01617
__ptext14                                    text14       01DE3
__ptext15                                    text15       01F0A
__ptext16                                    text16       01DAC
__ptext17                                    text17       00D98
__ptext18                                    text18       0097C
__ptext19                                    text19       00E4B
__ptext2                                     text2        0033C
__ptext20                                    text20       01ED3
__ptext21                                    text21       01D78
__ptext22                                    text22       01DA3
__ptext23                                    text23       01D71
__ptext24                                    text24       01E02
__ptext25                                    text25       01D6E
__ptext26                                    text26       01D87
__ptext27                                    text27       01E42
__ptext28                                    text28       01DBF
__ptext29                                    text29       01D74
__ptext3                                     text3        01E59
__ptext30                                    text30       01DCA
__ptext31                                    text31       01DB5
__ptext32                                    text32       01D6B
__ptext34                                    text34       01E2C
__ptext35                                    text35       01D68
__ptext36                                    text36       01688
__ptext37                                    text37       01E16
__ptext38                                    text38       01231
__ptext39                                    text39       01D7C
__ptext4                                     text4        00A8F
__ptext40                                    text40       01DF2
__ptext41                                    text41       00C4A
__ptext42                                    text42       00F04
__ptext43                                    text43       00CE8
__ptext44                                    text44       01F65
__ptext45                                    text45       01EEE
__ptext46                                    text46       01000
__ptext47                                    text47       01E88
__ptext48                                    text48       0142E
__ptext49                                    text49       0137F
__ptext5                                     text5        01EBA
__ptext50                                    text50       00B21
__ptext51                                    text51       01488
__ptext52                                    text52       013D4
__ptext53                                    text53       00A00
__ptext54                                    text54       01E70
__ptext55                                    text55       0132A
__ptext56                                    text56       01701
__ptext57                                    text57       0060D
__ptext58                                    text58       01093
__ptext59                                    text59       01F85
__ptext6                                     text6        004D8
__ptext60                                    text60       01D9A
__ptext61                                    text61       01FA9
__ptext62                                    text62       01545
__ptext63                                    text63       014E5
__ptext64                                    text64       0105C
__ptext65                                    text65       01025
__ptext66                                    text66       008F9
__ptext67                                    text67       01F45
__ptext68                                    text68       0110C
__ptext69                                    text69       010CF
__ptext7                                     text7        00BB5
__ptext70                                    text70       00733
__ptext71                                    text71       015A9
__ptext72                                    text72       01780
__ptext73                                    text73       00804
__ptext74                                    text74       0114E
__ptext75                                    text75       011DF
[...]
      Params:         0       0       0       0       0       0       0       0       0       0       0       0       0
      Locals:         0       0       0       0       0       0       0       0       0       0       0       0       0
      Temps:          0       2       0       0       0       0       0       0       0       0       0       0       0
      Totals:         0       2       0       0       0       0       0       0       0       0       0       0       0
Total ram usage:        2 bytes
 Hardware stack levels used:    1
 Hardware stack levels required when called:    3
 This function calls:
		_USBCtrlTrfRxService
 This function is called by:
		_USBCtrlEPService
 This function uses a non-reentrant model


 *************** function _USBCtrlTrfRxService *****************
 Defined at:
		line 1852 in file "usb/core/usb_device.c"
 Parameters:    Size  Location     Type
		None
 Auto vars:     Size  Location     Type
  byteToRead      1   11[BANK1 ] unsigned char 
  i               1   10[BANK1 ] unsigned char 
 Return value:  Size  Location     Type
                  1    wreg      void 
 Registers used:
		wreg, fsr1l, fsr1h, status,2, status,0, pclath, cstack
 Tracked objects:
		On entry : 
		On exit  : 
		Unchanged: 
 Data sizes:     COMMON   BANK1   BANK2   BANK3   BANK4   BANK5   BANK6   BANK7   BANK8   BANK9  BANK10  BANK11  BANK12
      Params:         0       0       0       0       0       0       0       0       0       0       0       0       0
      Locals:         0       2       0       0       0       0       0       0       0       0       0       0       0
      Temps:          0       2       0       0       0       0       0       0       0       0       0       0       0
      Totals:         0       4       0       0       0       0       0       0       0       0       0       0       0
Total ram usage:        4 bytes
 Hardware stack levels used:    1
 Hardware stack levels required when called:    2
 This function calls:
		Absolute function
		_USART_mySetLineCodingHandler
		_USBCtrlEPAllowStatusStage
 This function is called by:
		_USBCtrlTrfOutHandler
 This function uses a non-reentrant model


 *************** function _USBCtrlEPAllowStatusStage *****************
 Defined at:
		line 1416 in file "usb/core/usb_device.c"
 Parameters:    Size  Location     Type
		None
 Auto vars:     Size  Location     Type
		None
 Return value:  Size  Location     Type
                  1    wreg      void 
 Registers used:
		wreg, fsr1l, fsr1h, status,2, status,0
 Tracked objects:
		On entry : 
		On exit  : 
		Unchanged: 
 Data sizes:     COMMON   BANK1   BANK2   BANK3   BANK4   BANK5   BANK6   BANK7   BANK8   BANK9  BANK10  BANK11  BANK12
      Params:         0       0       0       0       0       0       0       0       0       0       0       0       0
      Locals:         0       0       0       0       0       0       0       0       0       0       0       0       0
      Temps:          2       0       0       0       0       0       0       0       0       0       0       0       0
      Totals:         2       0       0       0       0       0       0       0       0       0       0       0       0
Total ram usage:        2 bytes
 Hardware stack levels used:    1
 This function calls:
		Nothing
 This function is called by:
		_USBDeviceTasks
		_USBCtrlEPServiceComplete
		_USBCtrlTrfRxService
 This function uses a non-reentrant model


 *************** function _USBCtrlTrfInHandler *****************
 Defined at:
		line 2592 in file "usb/core/usb_device.c"
 Parameters:    Size  Location     Type
		None
 Auto vars:     Size  Location     Type
  lastDTS         1   10[BANK1 ] unsigned char 
 Return value:  Size  Location     Type
                  1    wreg      void 
 Registers used:
		wreg, fsr0l, fsr0h, fsr1l, fsr1h, status,2, status,0, pclath, cstack
 Tracked objects:
		On entry : 
		On exit  : 
		Unchanged: 
 Data sizes:     COMMON   BANK1   BANK2   BANK3   BANK4   BANK5   BANK6   BANK7   BANK8   BANK9  BANK10  BANK11  BANK12
      Params:         0       0       0       0       0       0       0       0       0       0       0       0       0
      Locals:         0       1       0       0       0       0       0       0       0       0       0       0       0
      Temps:          0       2       0       0       0       0       0       0       0       0       0       0       0
      Totals:         0       3       0       0       0       0       0       0       0       0       0       0       0
Total ram usage:        3 bytes
 Hardware stack levels used:    1
 Hardware stack levels required when called:    2
 This function calls:
		Absolute function
		_USART_mySetLineCodingHandler
		_USBCtrlTrfTxService
 This function is called by:
		_USBCtrlEPService
 This function uses a non-reentrant model


 *************** function _USBCtrlTrfTxService *****************
 Defined at:
		line 1771 in file "usb/core/usb_device.c"
 Parameters:    Size  Location     Type
		None
 Auto vars:     Size  Location     Type
  byteToSend      1    2[COMMON] unsigned char 
 Return value:  Size  Location     Type
                  1    wreg      void 
 Registers used:
		wreg, fsr0l, fsr0h, fsr1l, fsr1h, status,2, status,0, pclath
 Tracked objects:
		On entry : 
		On exit  : 
		Unchanged: 
 Data sizes:     COMMON   BANK1   BANK2   BANK3   BANK4   BANK5   BANK6   BANK7   BANK8   BANK9  BANK10  BANK11  BANK12
      Params:         0       0       0       0       0       0       0       0       0       0       0       0       0
      Locals:         1       0       0       0       0       0       0       0       0       0       0       0       0
      Temps:          2       0       0       0       0       0       0       0       0       0       0       0       0
      Totals:         3       0       0       0       0       0       0       0       0       0       0       0       0
Total ram usage:        3 bytes
 Hardware stack levels used:    1
 This function calls:
		Nothing
 This function is called by:
		_USBCtrlEPAllowDataStage
		_USBCtrlTrfInHandler
 This function uses a non-reentrant model


 *************** function _USART_mySetLineCodingHandler *****************
 Defined at:
		line 92 in file "app_uart_usb_utils.c"
 Parameters:    Size  Location     Type
		None
 Auto vars:     Size  Location     Type
  dwBaud          4    4[BANK1 ] unsigned long 
 Return value:  Size  Location     Type
                  1    wreg      void 
 Registers used:
		wreg, status,2, status,0, pclath, cstack
 Tracked objects:
		On entry : 
		On exit  : 
		Unchanged: 
 Data sizes:     COMMON   BANK1   BANK2   BANK3   BANK4   BANK5   BANK6   BANK7   BANK8   BANK9  BANK10  BANK11  BANK12
      Params:         0       0       0       0       0       0       0       0       0       0       0       0       0
      Locals:         0       4       0       0       0       0       0       0       0       0       0       0       0
      Temps:          0       4       0       0       0       0       0       0       0       0       0       0       0
      Totals:         0       8       0       0       0       0       0       0       0       0       0       0       0
Total ram usage:        8 bytes
 Hardware stack levels used:    1
 Hardware stack levels required when called:    1
 This function calls:
		i1___lldiv
 This function is called by:
		_USBCheckCDCRequest2
		_USBCtrlTrfRxService
		_USBCtrlTrfInHandler
 This function uses a non-reentrant model


 *************** function i1___lldiv *****************
 Defined at:
		line 6 in file "C:\Program Files (x86)\Microchip\xc8\v1.40\sources\common\lldiv.c"
 Parameters:    Size  Location     Type
  divisor         4    0[COMMON] unsigned long 
  dividend        4    4[COMMON] unsigned long 
 Auto vars:     Size  Location     Type
  __lldiv         4    9[COMMON] unsigned long 
  __lldiv         1   13[COMMON] unsigned char 
 Return value:  Size  Location     Type
                  4    0[COMMON] unsigned long 
 Registers used:
		wreg, status,2, status,0
 Tracked objects:
		On entry : 
		On exit  : 
		Unchanged: 
 Data sizes:     COMMON   BANK1   BANK2   BANK3   BANK4   BANK5   BANK6   BANK7   BANK8   BANK9  BANK10  BANK11  BANK12
      Params:         8       0       0       0       0       0       0       0       0       0       0       0       0
      Locals:         5       0       0       0       0       0       0       0       0       0       0       0       0
      Temps:          1       0       0       0       0       0       0       0       0       0       0       0       0
      Totals:        14       0       0       0       0       0       0       0       0       0       0       0       0
Total ram usage:       14 bytes
 Hardware stack levels used:    1
 This function calls:
		Nothing
 This function is called by:
		_USART_mySetLineCodingHandler
 This function uses a non-reentrant model


 *************** function _ADC_SelectChannel *****************
 Defined at:
		line 87 in file "mcc_generated_files/adc.c"
 Parameters:    Size  Location     Type
  channel         1    wreg     enum E2468
 Auto vars:     Size  Location     Type
  channel         1    1[COMMON] enum E2468
 Return value:  Size  Location     Type
                  1    wreg      void 
 Registers used:
		wreg, status,2, status,0
 Tracked objects:
		On entry : 
		On exit  : 
		Unchanged: 
 Data sizes:     COMMON   BANK1   BANK2   BANK3   BANK4   BANK5   BANK6   BANK7   BANK8   BANK9  BANK10  BANK11  BANK12
      Params:         0       0       0       0       0       0       0       0       0       0       0       0       0
      Locals:         1       0       0       0       0       0       0       0       0       0       0       0       0
      Temps:          1       0       0       0       0       0       0       0       0       0       0       0       0
      Totals:         2       0       0       0       0       0       0       0       0       0       0       0       0
Total ram usage:        2 bytes
 Hardware stack levels used:    1
 This function calls:
		Nothing
 This function is called by:
		_INTERRUPT_InterruptManager
 This function uses a non-reentrant model


 *************** function _ADC_IsConversionDone *****************
 Defined at:
		line 102 in file "mcc_generated_files/adc.c"
 Parameters:    Size  Location     Type
		None
 Auto vars:     Size  Location     Type
		None
 Return value:  Size  Location     Type
                  1    wreg      unsigned char 
 Registers used:
		wreg, status,0
 Tracked objects:
		On entry : 
		On exit  : 
		Unchanged: 
 Data sizes:     COMMON   BANK1   BANK2   BANK3   BANK4   BANK5   BANK6   BANK7   BANK8   BANK9  BANK10  BANK11  BANK12
      Params:         0       0       0       0       0       0       0       0       0       0       0       0       0
      Locals:         0       0       0       0       0       0       0       0       0       0       0       0       0
      Temps:          0       0       0       0       0       0       0       0       0       0       0       0       0
      Totals:         0       0       0       0       0       0       0       0       0       0       0       0       0
Total ram usage:        0 bytes
 Hardware stack levels used:    1
 This function calls:
		Nothing
 This function is called by:
		_INTERRUPT_InterruptManager
 This function uses a non-reentrant model


 *************** function _ADC_GetConversionResult *****************
 Defined at:
		line 108 in file "mcc_generated_files/adc.c"
 Parameters:    Size  Location     Type
		None
 Auto vars:     Size  Location     Type
		None
 Return value:  Size  Location     Type
                  2    0[COMMON] unsigned int 
 Registers used:
		wreg
 Tracked objects:
		On entry : 
		On exit  : 
		Unchanged: 
 Data sizes:     COMMON   BANK1   BANK2   BANK3   BANK4   BANK5   BANK6   BANK7   BANK8   BANK9  BANK10  BANK11  BANK12
      Params:         2       0       0       0       0       0       0       0       0       0       0       0       0
      Locals:         0       0       0       0       0       0       0       0       0       0       0       0       0
      Temps:          0       0       0       0       0       0       0       0       0       0       0       0       0
      Totals:         2       0       0       0       0       0       0       0       0       0       0       0       0
Total ram usage:        2 bytes
 Hardware stack levels used:    1
 This function calls:
		Nothing
 This function is called by:
		_INTERRUPT_InterruptManager
 This function uses a non-reentrant model



MODULE INFORMATION

Module		Function		Class		Link	Load	Size
C:\Program Files (x86)\Microchip\xc8\v1.40\sources\common\memset.c
		_memset        		CODE           	1EBA	0000	26

C:\Program Files (x86)\Microchip\xc8\v1.40\sources\common\memset.c estimated size: 26

mcc_generated_files/fvr.c
		_FVR_Initialize		CODE           	1D74	0000	5

mcc_generated_files/fvr.c estimated size: 5

mcc_generated_files/tmr2.c
		_TMR2_Initialize		CODE           	1DA3	0000	10
		_TMR2_StartTimer		CODE           	1D71	0000	4

mcc_generated_files/tmr2.c estimated size: 14

mcc_generated_files/pwm2.c
		_PWM2_Initialize		CODE           	1D87	0000	7
		_PWM2_LoadDutyValue		CODE           	1EA1	0000	26

mcc_generated_files/pwm2.c estimated size: 33

app_uart_usb_utils.c
		_USART_getcUSART		CODE           	1DF2	0000	17
		_USART_putcUSART		CODE           	1D7C	0000	6
		_USART_mySetLineCodingHandler		CODE           	114E	0000	72

app_uart_usb_utils.c estimated size: 95

mcc_generated_files/pin_manager.c
		_PIN_MANAGER_Initialize		CODE           	1E42	0000	24

mcc_generated_files/pin_manager.c estimated size: 24

mcc_generated_files/adc.c
		_ADC_Initialize		CODE           	1DB5	0000	11
		_ADC_IsConversionDone		CODE           	1D93	0000	8
		_ADC_GetConversionResult		CODE           	1D81	0000	7
		_ADC_StartConversion		CODE           	1D6B	0000	4
		_ADC_SelectChannel		CODE           	1DD6	0000	14

mcc_generated_files/adc.c estimated size: 44

usb/core/usb_device_cdc.c
		_CDCTxService  		CODE           	0D98	0000	180
		_CDCInitEP     		CODE           	1025	0000	56
		_putUSBUSART   		CODE           	1E59	0000	24
		_getsUSBUSART  		CODE           	12D6	0000	85
		_USBCheckCDCRequest		CODE           	14E5	0000	97

usb/core/usb_device_cdc.c estimated size: 442

C:\Program Files (x86)\Microchip\xc8\v1.40\sources\common\Umul16.c
		___wmul        		CODE           	1F0A	0000	29

C:\Program Files (x86)\Microchip\xc8\v1.40\sources\common\Umul16.c estimated size: 29

usb/core/usb_device.c
		_USBCtrlTrfInHandler		CODE           	1780	0000	129
		_USBTransferOnePacket		CODE           	097C	0000	133
		_USBStdGetDscHandler		CODE           	1701	0000	128
		_USBCtrlEPAllowDataStage		CODE           	1488	0000	94
		_USBStdFeatureReqHandler		CODE           	060D	0000	295
		_USBCtrlEPAllowStatusStage		CODE           	15A9	0000	111
		_USBCtrlTrfSetupHandler		CODE           	137F	0000	86
		_USBCtrlTrfOutHandler		CODE           	10CF	0000	62
		_USBCtrlEPServiceComplete		CODE           	0B21	0000	149
		_USBSuspend    		CODE           	1EEE	0000	29
		_USBStdSetCfgHandler		CODE           	0A00	0000	144
		_USBStdGetStatusHandler		CODE           	132A	0000	86
		_USBWakeFromSuspend		CODE           	1F65	0000	33
		_USBCtrlTrfRxService		CODE           	0733	0000	204
		_USBCtrlTrfTxService		CODE           	0804	0000	116
		_USBEnableEndpoint		CODE           	1F45	0000	33
		_USBConfigureEndpoint		CODE           	110C	0000	67
		_USBDeviceInit 		CODE           	0E4B	0000	186
		_USBIncrement1msInternalTimers		CODE           	1E88	0000	26
		_USBCtrlEPService		CODE           	142E	0000	91
		_USBStallHandler		CODE           	1000	0000	38
		_USBDeviceTasks		CODE           	0F04	0000	253
		_USBCheckStdRequest		CODE           	13D4	0000	91

usb/core/usb_device.c estimated size: 2584

C:\Program Files (x86)\Microchip\xc8\v1.40\sources\common\isdigit.c
		_isdigit       		CODE           	1DE3	0000	16

C:\Program Files (x86)\Microchip\xc8\v1.40\sources\common\isdigit.c estimated size: 16

shared
		_configDescriptor1		STRCODE        	01B7	0000	142
		_USB_CD_Ptr    		STRCODE        	01B3	0000	5
		_sd001         		STRCODE        	02DC	0000	23
		_sd002         		STRCODE        	0278	0000	51
		_errorMsg      		STRCODE        	0304	0000	14
		i1_USBDeviceInit		CODE           	0CE8	0000	177
		i1_TMR1_Reload 		CODE           	1D9A	0000	10
		_sd003         		STRCODE        	0244	0000	53
		i1_ADC_StartConversion		CODE           	1D68	0000	4
		i1___lldiv     		CODE           	11DF	0000	83
		_okMsg         		STRCODE        	0000	0000	0
		__initialization		CODE           	00EB	0000	92
		_device_dsc    		STRCODE        	02F2	0000	19
		i1_PWM2_LoadDutyValue		CODE           	1E2C	0000	23
		_sd004         		STRCODE        	02AA	0000	51
		_USB_SD_Ptr    		STRCODE        	01A4	0000	11
		i1_memset      		CODE           	1E70	0000	25
		_sd000         		STRCODE        	0311	0000	5
		i1_USBTransferOnePacket		CODE           	08F9	0000	132
		_dividerArray  		STRCODE        	014A	0000	91

shared estimated size: 1011

usb/usb_events.c
		_USER_USB_CALLBACK_EVENT_HANDLER		CODE           	1093	0000	61

usb/usb_events.c estimated size: 61

mcc_generated_files/mcc.c
		_WDT_Initialize		CODE           	1D78	0000	5
		_OSCILLATOR_Initialize		CODE           	1DBF	0000	12
		_SYSTEM_Initialize		CODE           	1ED3	0000	28

mcc_generated_files/mcc.c estimated size: 45

C:\Program Files (x86)\Microchip\xc8\v1.40\sources\common\atoi.c
		_atoi          		CODE           	1617	0000	114

C:\Program Files (x86)\Microchip\xc8\v1.40\sources\common\atoi.c estimated size: 114

mcc_generated_files/tmr1.c
		_TMR1_Initialize		CODE           	1E02	0000	21
		_TMR1_Reload   		CODE           	1DAC	0000	10
		_TMR1_StartTimer		CODE           	1D6E	0000	4

mcc_generated_files/tmr1.c estimated size: 35

C:\Program Files (x86)\Microchip\xc8\v1.40\sources\common\Umul32.c
		___lmul        		CODE           	1FD0	0000	49

C:\Program Files (x86)\Microchip\xc8\v1.40\sources\common\Umul32.c estimated size: 49

usb/core/usb_device_cdc2.c
		_USBCheckCDCRequest2		CODE           	1545	0000	101
		_CDCTxService2 		CODE           	0C4A	0000	159
		_CDCInitEP2    		CODE           	105C	0000	56
		_putUSBUSART2  		CODE           	1E16	0000	23
		_getsUSBUSART2 		CODE           	1231	0000	83

usb/core/usb_device_cdc2.c estimated size: 422

mcc_generated_files/eusart.c
		_EUSART_Initialize		CODE           	1DCA	0000	13

mcc_generated_files/eusart.c estimated size: 13

main.c
		_main_Communication_Initialize		CODE           	1F85	0000	37
		_main_switchStepUp_Down		CODE           	0BB5	0000	150
		_main_SetDcDcRegulator		CODE           	04D8	0000	310
		_main          		CODE           	1F26	0000	32
		_my_uitoa      		CODE           	0A8F	0000	147
		_main_CDC_to_RS485_Tasks		CODE           	1688	0000	122
		_main_overcurrentProtection		CODE           	1195	0000	75
		_INTERRUPT_InterruptManager		CODE           	0004	0000	230
		_main_CDC_to_RS485_Initialize		CODE           	1FA9	0000	40
		_main_CommunicationHandler		CODE           	033C	0000	413

main.c estimated size: 1556

C:\Program Files (x86)\Microchip\xc8\v1.40\sources\common\lldiv.c
		___lldiv       		CODE           	1283	0000	84

C:\Program Files (x86)\Microchip\xc8\v1.40\sources\common\lldiv.c estimated size: 84

C:\Program Files (x86)\Microchip\xc8\v1.40\sources\common\aldiv.c
		___aldiv       		CODE           	0877	0000	131

C:\Program Files (x86)\Microchip\xc8\v1.40\sources\common\aldiv.c estimated size: 131

