Microchip MPLAB XC8 Compiler V1.44 ()

Linker command line:

-W-3 --edf=C:\Program Files (x86)\Microchip\xc8\v1.44\dat\en_msgs.txt -cs \
  -h+dist/default/production\EasyPowerUSB.X.production.sym \
  --cmf=dist/default/production\EasyPowerUSB.X.production.cmf -z -Q16F1455 \
  -oC:\Users\Valerii\AppData\Local\Temp\s348.2 \
  -Mdist/default/production/EasyPowerUSB.X.production.map -E1 -ver=XC8 \
  -ASTACK=023B0h-023efh -pstack=STACK -ACODE=00h-07FFhx4 \
  -ASTRCODE=00h-01FFFh -ASTRING=00h-0FFhx32 -ACONST=00h-0FFhx32 \
  -AENTRY=00h-0FFhx32 -ACOMMON=070h-07Fh -ABANK0=020h-06Fh \
  -ABANK1=0A0h-0EFh -ABANK2=0120h-016Fh -ABANK3=01A0h-01EFh \
  -ABANK4=0220h-026Fh -ABANK5=02A0h-02EFh -ABANK6=0320h-036Fh \
  -ABANK7=03A0h-03EFh -ABANK8=0420h-046Fh -ABANK9=04A0h-04EFh \
  -ABANK10=0520h-056Fh -ABANK11=05A0h-05EFh -ABANK12=0620h-064Fh \
  -ABIGRAM=02000h-023EFh \
  -ARAM=020h-06Fh,0A0h-0EFh,0120h-016Fh,01A0h-01EFh,0220h-026Fh,02A0h-02EFh,0320h-036Fh,03A0h-03EFh,0420h-046Fh,04A0h-04EFh,0520h-056Fh,05A0h-05EFh,0620h-064Fh \
  -AABS1=020h-07Fh,0A0h-0EFh,0120h-016Fh,01A0h-01EFh,0220h-026Fh,02A0h-02EFh,0320h-036Fh,03A0h-03EFh,0420h-046Fh,04A0h-04EFh,0520h-056Fh,05A0h-05EFh,0620h-064Fh \
  -ASFR0=00h-01Fh -ASFR1=080h-09Fh -ASFR2=0100h-011Fh -ASFR3=0180h-019Fh \
  -ASFR4=0200h-021Fh -ASFR5=0280h-029Fh -ASFR6=0300h-031Fh \
  -ASFR7=0380h-039Fh -ASFR8=0400h-041Fh -ASFR9=0480h-049Fh \
  -ASFR10=0500h-051Fh -ASFR11=0580h-059Fh -ASFR12=0600h-061Fh \
  -ASFR13=0680h-06EFh -ASFR14=0700h-076Fh -ASFR15=0780h-07EFh \
  -ASFR16=0800h-086Fh -ASFR17=0880h-08EFh -ASFR18=0900h-096Fh \
  -ASFR19=0980h-09EFh -ASFR20=0A00h-0A6Fh -ASFR21=0A80h-0AEFh \
  -ASFR22=0B00h-0B6Fh -ASFR23=0B80h-0BEFh -ASFR24=0C00h-0C6Fh \
  -ASFR25=0C80h-0CEFh -ASFR26=0D00h-0D6Fh -ASFR27=0D80h-0DEFh \
  -ASFR28=0E00h-0E6Fh -ASFR29=0E80h-0EEFh -ASFR30=0F00h-0F6Fh \
  -ASFR31=0F80h-0FEFh -preset_vec=00h,intentry=04h,init,end_init \
  -ppowerup=CODE -pcinit=CODE -pfunctab=ENTRY -ACONFIG=08007h-08008h \
  -pconfig=CONFIG -DCONFIG=2 -AIDLOC=08000h-08003h -pidloc=IDLOC -DIDLOC=2 \
  -DCODE=2 -DSTRCODE=2 -DSTRING=2 -DCONST=2 -DENTRY=2 -k \
  C:\Users\Valerii\AppData\Local\Temp\s348.obj \
  dist/default/production\EasyPowerUSB.X.production.obj 

Object code version is 3.11

Machine type is 16F1455



                Name                               Link     Load   Length Selector   Space Scale
C:\Users\Valerii\AppData\Local\Temp\s348.obj
                end_init                             E9       E9        2        8       0
                reset_vec                             0        0        2        0       0
                config                             8007     8007        2    1000E       0
dist/default/production\EasyPowerUSB.X.production.obj
                cinit                                EB       EB       5F        8       0
                intentry                              4        4       E5        8       0
                text78                             1EBB     1EBB        6     3D76       0
                text77                             1ECD     1ECD        7     3D9A       0
                text76                             108E     108E        D     211C       0
                text75                             1354     1354       52     26A8       0
                text74                             12C3     12C3       47     2586       0
                text73                              81E      81E       73     103C       0
                text72                              989      989       80     1312       0
                text71                             1721     1721       6E     2E42       0
                text70                              643      643       CB        8       0
                text69                             1244     1244       3D     2488       0
                text68                             1281     1281       42     2502       0
                text67                             10F1     10F1       20     21E2       0
                text66                              A8B      A8B       83     1516       0
                text65                             11D1     11D1       37     23A2       0
                text64                              7C7      7C7       37        8       0
                text63                             165D     165D       60     2CBA       0
                text62                             16BD     16BD       64     2D7A       0
                text61                             117A     117A       27     22F4       0
                text60                             1ED4     1ED4        9     3DA8       0
                text59                             1131     1131       24     2262       0
                text58                             1208     1208       3C     2410       0
                text57                              421      421      126        8       0
                text56                              90A      90A       7F     1214       0
                text55                             149F     149F       55     293E       0
                text54                             1F9D     1F9D       18     3F3A       0
                text53                              B92      B92       8F     1724       0
                swtext1                            191D     191D       1A     323A       0
                text52                             1549     1549       5A     2A92       0
                text51                             15A3     15A3       5D     2B46       0
                text50                              CB3      CB3       94     1966       0
                text49                             14F4     14F4       55     29E8       0
                text48                             1600     1600       5D     2C00       0
                text47                             1FB5     1FB5       19     3F6A       0
                text46                             1155     1155       25     22AA       0
                text45                             10B6     10B6       1C     216C       0
                text44                             1111     1111       20     2222       0
                text43                              DE5      DE5       B0     1BCA       0
                text42                              547      547       FC        8       0
                text41                              D47      D47       9E     1A8E       0
                text40                             1F1F     1F1F       10     3E3E       0
                text39                             1EB6     1EB6        5     3D6C       0
                text38                             13A6     13A6       52     274C       0
                text37                             1F43     1F43       16     3E86       0
                text36                              891      891       79     1122       0
                text35                             1E9E     1E9E        3     3D3C       0
                text34                             1F59     1F59       16     3EB2       0
                text32                             1EA1     1EA1        3     3D42       0
                text31                             1EEF     1EEF        A     3DDE       0
                text30                             1F04     1F04        C     3E08       0
                text29                             1EAA     1EAA        4     3D54       0
                text28                             1EF9     1EF9        B     3DF2       0
                text27                             1F6F     1F6F       17     3EDE       0
                text26                             1EC1     1EC1        6     3D82       0
                text25                             1EA4     1EA4        3     3D48       0
                text24                             1F2F     1F2F       14     3E5E       0
                text23                             1EA7     1EA7        3     3D4E       0
                text22                             1EDD     1EDD        9     3DBA       0
                text21                             1EAE     1EAE        4     3D5C       0
                text20                             109B     109B       1B     2136       0
                text19                              70E      70E       B9        8       0
                text18                              B0E      B0E       84     161C       0
                text17                              E95      E95       B3     1D2A       0
                text16                             1EE6     1EE6        9     3DCC       0
                text15                              802      802       1C     1004       0
                text14                             1F10     1F10        F     3E20       0
                text13                             178F     178F       71     2F1E       0
                text12                             144B     144B       54     2896       0
                text11                             13F8     13F8       53     27F0       0
                text10                             1FCE     1FCE       19     3F9C       0
                text9                               A09      A09       82     1412       0
                text8                              11A1     11A1       30     2342       0
                text7                               F48      F48       B8     1E90       0
                text6                               2EC      2EC      135        8       0
                text5                              1FE7     1FE7       19     3FCE       0
                text4                               C21      C21       92     1842       0
                text3                              1F86     1F86       17     3F0C       0
                text2                               14A      14A      1A2        8       0
                text1                              130A     130A       4A     2614       0
                maintext                           10D2     10D2       1F     21A4       0
                cstackCOMMON                         70       70        E       70       1
                cstackBANK1                          E0       E0       10       E0       1
                cstackBANK2                         160      160        E      160       1
                cstackBANK3                         1A0      1A0       2B      1A0       1
                clrtext                            1EC7     1EC7        6     3D8E       0
                bssBANK11                           5A0      5A0       40      5A0       1
                bssBANK10                           520      520       40      520       1
                bssBANK9                            4A0      4A0       40      4A0       1
                bssBANK8                            420      420       40      420       1
                bssBANK7                            3A0      3A0       40      3A0       1
                bssBANK6                            320      320       40      320       1
                bssBANK5                            2A0      2A0       4B      2A0       1
                dataBANK4                           26A      26A        4      220       1
                bssBANK4                            220      220       4A      220       1
                bssBANK3                            1CB      1CB       25      1A0       1
                bssBANK2                            16E      16E        2      160       1
                stringtext12                       18F2     18F2       2B     3000       0
                stringtext11                       195F     195F        D     326E       0
                stringtext10                       194D     194D       12     326E       0
                stringtext9                        1937     1937       16     326E       0
                stringtext8                        18C0     18C0       32     3000       0
                stringtext7                        188E     188E       32     3000       0
                stringtext6                        185A     185A       34     3000       0
                stringtext5                        1000     1000       8D     2000       0
                stringtext4                        197B     197B        4     326E       0
                stringtext3                        1976     1976        5     326E       0
                stringtext2                        196C     196C        A     326E       0
                stringtext1                        1800     1800       5A     3000       0
                idataBANK4                         1EB2     1EB2        4     3D64       0

TOTAL           Name                               Link     Load   Length     Space
        CLASS   STACK          

        CLASS   CODE           
                end_init                             E9       E9        2         0
                cinit                                EB       EB       5F         0
                intentry                              4        4       E5         0
                reset_vec                             0        0        2         0
                text78                             1EBB     1EBB        6         0
                text77                             1ECD     1ECD        7         0
                text76                             108E     108E        D         0
                text75                             1354     1354       52         0
                text74                             12C3     12C3       47         0
                text73                              81E      81E       73         0
                text72                              989      989       80         0
                text71                             1721     1721       6E         0
                text70                              643      643       CB         0
                text69                             1244     1244       3D         0
                text68                             1281     1281       42         0
                text67                             10F1     10F1       20         0
                text66                              A8B      A8B       83         0
                text65                             11D1     11D1       37         0
                text64                              7C7      7C7       37         0
                text63                             165D     165D       60         0
                text62                             16BD     16BD       64         0
                text61                             117A     117A       27         0
                text60                             1ED4     1ED4        9         0
                text59                             1131     1131       24         0
                text58                             1208     1208       3C         0
                text57                              421      421      126         0
                text56                              90A      90A       7F         0
                text55                             149F     149F       55         0
                text54                             1F9D     1F9D       18         0
                text53                              B92      B92       8F         0
                text52                             1549     1549       5A         0
                text51                             15A3     15A3       5D         0
                text50                              CB3      CB3       94         0
                text49                             14F4     14F4       55         0
                text48                             1600     1600       5D         0
                text47                             1FB5     1FB5       19         0
                text46                             1155     1155       25         0
                text45                             10B6     10B6       1C         0
                text44                             1111     1111       20         0
                text43                              DE5      DE5       B0         0
                text42                              547      547       FC         0
                text41                              D47      D47       9E         0
                text40                             1F1F     1F1F       10         0
                text39                             1EB6     1EB6        5         0
                text38                             13A6     13A6       52         0
                text37                             1F43     1F43       16         0
                text36                              891      891       79         0
                text35                             1E9E     1E9E        3         0
                text34                             1F59     1F59       16         0
                text32                             1EA1     1EA1        3         0
                text31                             1EEF     1EEF        A         0
                text30                             1F04     1F04        C         0
                text29                             1EAA     1EAA        4         0
                text28                             1EF9     1EF9        B         0
                text27                             1F6F     1F6F       17         0
                text26                             1EC1     1EC1        6         0
                text25                             1EA4     1EA4        3         0
                text24                             1F2F     1F2F       14         0
                text23                             1EA7     1EA7        3         0
                text22                             1EDD     1EDD        9         0
                text21                             1EAE     1EAE        4         0
                text20                             109B     109B       1B         0
                text19                              70E      70E       B9         0
                text18                              B0E      B0E       84         0
                text17                              E95      E95       B3         0
                text16                             1EE6     1EE6        9         0
                text15                              802      802       1C         0
                text14                             1F10     1F10        F         0
                text13                             178F     178F       71         0
                text12                             144B     144B       54         0
                text11                             13F8     13F8       53         0
                text10                             1FCE     1FCE       19         0
                text9                               A09      A09       82         0
                text8                              11A1     11A1       30         0
                text7                               F48      F48       B8         0
                text6                               2EC      2EC      135         0
                text5                              1FE7     1FE7       19         0
                text4                               C21      C21       92         0
                text3                              1F86     1F86       17         0
                text2                               14A      14A      1A2         0
                text1                              130A     130A       4A         0
                maintext                           10D2     10D2       1F         0
                clrtext                            1EC7     1EC7        6         0
                idataBANK4                         1EB2     1EB2        4         0

        CLASS   STRCODE        
                stringtext12                       18F2     18F2       2B         0
                stringtext11                       195F     195F        D         0
                stringtext10                       194D     194D       12         0
                stringtext9                        1937     1937       16         0
                stringtext8                        18C0     18C0       32         0
                stringtext7                        188E     188E       32         0
                stringtext6                        185A     185A       34         0
                stringtext5                        1000     1000       8D         0
                stringtext4                        197B     197B        4         0
                stringtext3                        1976     1976        5         0
                stringtext2                        196C     196C        A         0
                stringtext1                        1800     1800       5A         0

        CLASS   STRING         

        CLASS   CONST          
                swtext1                            191D     191D       1A         0

        CLASS   ENTRY          

        CLASS   COMMON         
                cstackCOMMON                         70       70        E         1

        CLASS   BANK0          

        CLASS   BANK1          
                cstackBANK1                          E0       E0       10         1

        CLASS   BANK2          
                cstackBANK2                         160      160        E         1
                bssBANK2                            16E      16E        2         1

        CLASS   BANK3          
                cstackBANK3                         1A0      1A0       2B         1
                bssBANK3                            1CB      1CB       25         1

        CLASS   BANK4          
                dataBANK4                           26A      26A        4         1
                bssBANK4                            220      220       4A         1

        CLASS   BANK5          
                bssBANK5                            2A0      2A0       4B         1

        CLASS   BANK6          
                bssBANK6                            320      320       40         1

        CLASS   BANK7          
                bssBANK7                            3A0      3A0       40         1

        CLASS   BANK8          
                bssBANK8                            420      420       40         1

        CLASS   BANK9          
                bssBANK9                            4A0      4A0       40         1

        CLASS   BANK10         
                bssBANK10                           520      520       40         1

        CLASS   BANK11         
                bssBANK11                           5A0      5A0       40         1

        CLASS   BANK12         

        CLASS   BIGRAM         

        CLASS   RAM            

        CLASS   ABS1           
                abs_s1                               20       20       50         1
                abs_s1                               7E       7E        2         1
                abs_s1                               A0       A0       48         1
                abs_s1                              120      120       40         1

        CLASS   SFR0           

        CLASS   SFR1           

        CLASS   SFR2           

        CLASS   SFR3           

        CLASS   SFR4           

        CLASS   SFR5           

        CLASS   SFR6           

        CLASS   SFR7           

        CLASS   SFR8           

        CLASS   SFR9           

        CLASS   SFR10          

        CLASS   SFR11          

        CLASS   SFR12          

        CLASS   SFR13          

        CLASS   SFR14          

        CLASS   SFR15          

        CLASS   SFR16          

        CLASS   SFR17          

        CLASS   SFR18          

        CLASS   SFR19          

        CLASS   SFR20          

        CLASS   SFR21          

        CLASS   SFR22          

        CLASS   SFR23          

        CLASS   SFR24          

        CLASS   SFR25          

        CLASS   SFR26          

        CLASS   SFR27          

        CLASS   SFR28          

        CLASS   SFR29          

        CLASS   SFR30          

        CLASS   SFR31          

        CLASS   CONFIG         
                config                             8007     8007        2         0

        CLASS   IDLOC          

        CLASS   BANK31         

        CLASS   BANK30         

        CLASS   BANK29         

        CLASS   BANK28         

        CLASS   BANK27         

        CLASS   BANK26         

        CLASS   BANK25         

        CLASS   BANK24         

        CLASS   BANK23         

        CLASS   BANK22         

        CLASS   BANK21         

        CLASS   BANK20         

        CLASS   BANK19         

        CLASS   BANK18         

        CLASS   BANK17         

        CLASS   BANK16         

        CLASS   BANK15         

        CLASS   BANK14         

        CLASS   BANK13         

        CLASS   EEDATA         



SEGMENTS        Name                           Load    Length   Top    Selector   Space  Class     Delta

                reset_vec                      000000  000002  000002         0       0  CODE        2
                intentry                       000004  0007FA  0007FE         8       0  CODE        2
                cstackCOMMON                   000070  00000E  00007E        70       1  COMMON      1
                cstackBANK1                    0000E0  000010  0000F0        E0       1  BANK1       1
                cstackBANK2                    000160  000010  000170       160       1  BANK2       1
                cstackBANK3                    0001A0  000050  0001F0       1A0       1  BANK3       1
                bssBANK4                       000220  00004E  00026E       220       1  BANK4       1
                bssBANK5                       0002A0  00004B  0002EB       2A0       1  BANK5       1
                bssBANK6                       000320  000040  000360       320       1  BANK6       1
                bssBANK7                       0003A0  000040  0003E0       3A0       1  BANK7       1
                bssBANK8                       000420  000040  000460       420       1  BANK8       1
                bssBANK9                       0004A0  000040  0004E0       4A0       1  BANK9       1
                bssBANK10                      000520  000040  000560       520       1  BANK10      1
                bssBANK11                      0005A0  000040  0005E0       5A0       1  BANK11      1
                text15                         000802  00001C  00081E      1004       0  CODE        2
                text73                         00081E  000073  000891      103C       0  CODE        2
                text36                         000891  000079  00090A      1122       0  CODE        2
                text56                         00090A  00007F  000989      1214       0  CODE        2
                text72                         000989  000080  000A09      1312       0  CODE        2
                text9                          000A09  000082  000A8B      1412       0  CODE        2
                text66                         000A8B  000083  000B0E      1516       0  CODE        2
                text18                         000B0E  000084  000B92      161C       0  CODE        2
                text53                         000B92  00008F  000C21      1724       0  CODE        2
                text4                          000C21  000092  000CB3      1842       0  CODE        2
                text50                         000CB3  000094  000D47      1966       0  CODE        2
                text41                         000D47  00009E  000DE5      1A8E       0  CODE        2
                text43                         000DE5  0000B0  000E95      1BCA       0  CODE        2
                text17                         000E95  0000B3  000F48      1D2A       0  CODE        2
                text7                          000F48  0000B8  001000      1E90       0  CODE        2
                stringtext5                    001000  00008D  00108D      2000       0  STRCODE     2
                text76                         00108E  00000D  00109B      211C       0  CODE        2
                text20                         00109B  00001B  0010B6      2136       0  CODE        2
                text45                         0010B6  00001C  0010D2      216C       0  CODE        2
                maintext                       0010D2  00001F  0010F1      21A4       0  CODE        2
                text67                         0010F1  000020  001111      21E2       0  CODE        2
                text44                         001111  000020  001131      2222       0  CODE        2
                text59                         001131  000024  001155      2262       0  CODE        2
                text46                         001155  000025  00117A      22AA       0  CODE        2
                text61                         00117A  000027  0011A1      22F4       0  CODE        2
                text8                          0011A1  000030  0011D1      2342       0  CODE        2
                text65                         0011D1  000037  001208      23A2       0  CODE        2
                text58                         001208  00003C  001244      2410       0  CODE        2
                text69                         001244  00003D  001281      2488       0  CODE        2
                text68                         001281  000042  0012C3      2502       0  CODE        2
                text74                         0012C3  000047  00130A      2586       0  CODE        2
                text1                          00130A  00004A  001354      2614       0  CODE        2
                text75                         001354  000052  0013A6      26A8       0  CODE        2
                text38                         0013A6  000052  0013F8      274C       0  CODE        2
                text11                         0013F8  000053  00144B      27F0       0  CODE        2
                text12                         00144B  000054  00149F      2896       0  CODE        2
                text55                         00149F  000055  0014F4      293E       0  CODE        2
                text49                         0014F4  000055  001549      29E8       0  CODE        2
                text52                         001549  00005A  0015A3      2A92       0  CODE        2
                text51                         0015A3  00005D  001600      2B46       0  CODE        2
                text48                         001600  00005D  00165D      2C00       0  CODE        2
                text63                         00165D  000060  0016BD      2CBA       0  CODE        2
                text62                         0016BD  000064  001721      2D7A       0  CODE        2
                text71                         001721  00006E  00178F      2E42       0  CODE        2
                text13                         00178F  000071  001800      2F1E       0  CODE        2
                stringtext1                    001800  00011D  00191D      3000       0  STRCODE     2
                swtext1                        00191D  00001A  001937      323A       0  CONST       2
                stringtext9                    001937  000048  00197F      326E       0  STRCODE     2
                text35                         001E9E  000003  001EA1      3D3C       0  CODE        2
                text32                         001EA1  000003  001EA4      3D42       0  CODE        2
                text25                         001EA4  000003  001EA7      3D48       0  CODE        2
                text23                         001EA7  000003  001EAA      3D4E       0  CODE        2
                text29                         001EAA  000004  001EAE      3D54       0  CODE        2
                text21                         001EAE  000004  001EB2      3D5C       0  CODE        2
                idataBANK4                     001EB2  000004  001EB6      3D64       0  CODE        2
                text39                         001EB6  000005  001EBB      3D6C       0  CODE        2
                text78                         001EBB  000006  001EC1      3D76       0  CODE        2
                text26                         001EC1  000006  001EC7      3D82       0  CODE        2
                clrtext                        001EC7  000006  001ECD      3D8E       0  CODE        2
                text77                         001ECD  000007  001ED4      3D9A       0  CODE        2
                text60                         001ED4  000009  001EDD      3DA8       0  CODE        2
                text22                         001EDD  000009  001EE6      3DBA       0  CODE        2
                text16                         001EE6  000009  001EEF      3DCC       0  CODE        2
                text31                         001EEF  00000A  001EF9      3DDE       0  CODE        2
                text28                         001EF9  00000B  001F04      3DF2       0  CODE        2
                text30                         001F04  00000C  001F10      3E08       0  CODE        2
                text14                         001F10  00000F  001F1F      3E20       0  CODE        2
                text40                         001F1F  000010  001F2F      3E3E       0  CODE        2
                text24                         001F2F  000014  001F43      3E5E       0  CODE        2
                text37                         001F43  000016  001F59      3E86       0  CODE        2
                text34                         001F59  000016  001F6F      3EB2       0  CODE        2
                text27                         001F6F  000017  001F86      3EDE       0  CODE        2
                text3                          001F86  000017  001F9D      3F0C       0  CODE        2
                text54                         001F9D  000018  001FB5      3F3A       0  CODE        2
                text47                         001FB5  000019  001FCE      3F6A       0  CODE        2
                text10                         001FCE  000019  001FE7      3F9C       0  CODE        2
                text5                          001FE7  000019  002000      3FCE       0  CODE        2
                config                         008007  000002  008009     1000E       0  CONFIG      2


UNUSED ADDRESS RANGES

        Name                Unused          Largest block    Delta
        BANK10           00560-0056F              10           1
        BANK11           005E0-005EF              10           1
        BANK12           00620-0064F              30           1
        BANK4            0026E-0026F               2           1
        BANK5            002EB-002EF               5           1
        BANK6            00360-0036F              10           1
        BANK7            003E0-003EF              10           1
        BANK8            00460-0046F              10           1
        BANK9            004E0-004EF              10           1
        BIGRAM           02000-023EF             3F0           1
        CODE             00002-00003               2           2
                         007FE-00801               2
                         0108D-0108D               1
                         0197F-01E9D             51F
        CONST            00002-00003               2           2
                         007FE-00801               2
                         0108D-0108D               1
                         0197F-01E9D             100
        ENTRY            00002-00003               2           2
                         007FE-00801               2
                         0108D-0108D               1
                         0197F-01E9D             100
        IDLOC            08000-08003               4           2
        RAM              0026E-0026F               2           1
                         002EB-002EF               5
                         00360-0036F              10
                         003E0-003EF              10
                         00460-0046F              10
                         004E0-004EF              10
                         00560-0056F              10
                         005E0-005EF              10
                         00620-0064F              30
        SFR0             00000-0001F              20           1
        SFR1             00080-0009F              20           1
        SFR10            00500-0051F              20           1
        SFR11            00580-0059F              20           1
        SFR12            00600-0061F              20           1
        SFR13            00680-006EF              70           1
        SFR14            00700-0076F              70           1
        SFR15            00780-007EF              70           1
        SFR16            00800-0086F              70           1
        SFR17            00880-008EF              70           1
        SFR18            00900-0096F              70           1
        SFR19            00980-009EF              70           1
        SFR2             00100-0011F              20           1
        SFR20            00A00-00A6F              70           1
        SFR21            00A80-00AEF              70           1
        SFR22            00B00-00B6F              70           1
        SFR23            00B80-00BEF              70           1
        SFR24            00C00-00C6F              70           1
        SFR25            00C80-00CEF              70           1
        SFR26            00D00-00D6F              70           1
        SFR27            00D80-00DEF              70           1
        SFR28            00E00-00E6F              70           1
        SFR29            00E80-00EEF              70           1
        SFR3             00180-0019F              20           1
        SFR30            00F00-00F6F              70           1
        SFR31            00F80-00FEF              70           1
        SFR4             00200-0021F              20           1
        SFR5             00280-0029F              20           1
        SFR6             00300-0031F              20           1
        SFR7             00380-0039F              20           1
        SFR8             00400-0041F              20           1
        SFR9             00480-0049F              20           1
        STACK            023B0-023EF              40           1
        STRCODE          00002-00003               2           2
                         007FE-00801               4
                         0108D-0108D               1
                         0197F-01E9D             51F
        STRING           00002-00003               2           2
                         007FE-00801               2
                         0108D-0108D               1
                         0197F-01E9D             100

                                  Symbol Table

?_ADC_GetConversionResult                    cstackCOMMON 00070
?_USBTransferOnePacket                       cstackBANK3  001A0
?___aldiv                                    cstackBANK3  001AC
?___lldiv                                    cstackBANK3  001AC
?___lmul                                     cstackBANK3  001A0
?___wmul                                     cstackBANK3  001A0
?_atoi                                       cstackBANK3  001A6
?i1_USBTransferOnePacket                     cstackCOMMON 00070
?i1___lldiv                                  cstackCOMMON 00070
ADC_SelectChannel@channel                    cstackCOMMON 00071
CDCTxService2@byte_to_send                   cstackCOMMON 0007D
CDCTxService2@i                              cstackCOMMON 0007C
CDCTxService@byte_to_send                    cstackBANK3  001AD
CDCTxService@i                               cstackBANK3  001AC
INTERRUPT_InterruptManager@pwm               cstackBANK2  0016C
INTERRUPT_InterruptManager@pwmCorrection     bssBANK4     00245
PWM2_LoadDutyValue@dutyValue                 cstackBANK3  001A0
USART_getcUSART@c                            cstackCOMMON 00071
USART_mySetLineCodingHandler@dwBaud          cstackBANK1  000E4
USART_putcUSART@c                            cstackCOMMON 00070
USBConfigureEndpoint@EPNum                   cstackCOMMON 00075
USBConfigureEndpoint@direction               cstackCOMMON 00070
USBConfigureEndpoint@handle                  cstackCOMMON 00076
USBCtrlTrfInHandler@lastDTS                  cstackBANK1  000EA
USBCtrlTrfRxService@byteToRead               cstackBANK1  000EB
USBCtrlTrfRxService@i                        cstackBANK1  000EA
USBCtrlTrfTxService@byteToSend               cstackCOMMON 00072
USBDeviceInit@i                              cstackBANK3  001A4
USBDeviceInit@i_1118                         cstackBANK3  001A3
USBDeviceInit@p                              cstackBANK3  001A1
USBDeviceTasks@i                             cstackBANK1  000EF
USBEnableEndpoint@ep                         cstackCOMMON 0007C
USBEnableEndpoint@options                    cstackCOMMON 00077
USBEnableEndpoint@p                          cstackCOMMON 0007A
USBStdFeatureReqHandler@current_ep_data      cstackBANK1  000EA
USBStdFeatureReqHandler@p                    cstackBANK1  000EB
USBStdFeatureReqHandler@pUEP                 cstackBANK1  000E8
USBStdGetStatusHandler@p                     cstackCOMMON 00071
USBStdSetCfgHandler@i                        cstackBANK1  000EA
USBStdSetCfgHandler@i_1857                   cstackBANK1  000E9
USBStdSetCfgHandler@p                        cstackBANK1  000E7
USBTransferOnePacket@data                    cstackBANK3  001A1
USBTransferOnePacket@dir                     cstackBANK3  001A0
USBTransferOnePacket@ep                      cstackBANK3  001A8
USBTransferOnePacket@handle                  cstackBANK3  001A9
USBTransferOnePacket@len                     cstackBANK3  001A3
USER_USB_CALLBACK_EVENT_HANDLER@event        cstackBANK1  000E0
USER_USB_CALLBACK_EVENT_HANDLER@pdata        cstackBANK1  000E2
USER_USB_CALLBACK_EVENT_HANDLER@size         cstackBANK1  000E4
_ACTCON                                      (abs)        0039B
_ADCON0                                      (abs)        0009D
_ADCON0bits                                  (abs)        0009D
_ADCON1                                      (abs)        0009E
_ADCON2                                      (abs)        0009F
_ADC_GetConversionResult                     text78       01EBB
_ADC_Initialize                              text31       01EEF
_ADC_IsConversionDone                        text77       01ECD
_ADC_SelectChannel                           text76       0108E
_ADC_StartConversion                         text32       01EA1
_ADRESH                                      (abs)        0009C
_ADRESL                                      (abs)        0009B
_ANSELA                                      (abs)        0018C
_ANSELC                                      (abs)        0018E
_APFCON                                      (abs)        0011D
_BAUDCON                                     (abs)        0019F
_BDT                                         (abs)        00020
_BothEP0OutUOWNsSet                          bssBANK4     00258
_CDCDataInHandle                             bssBANK4     00239
_CDCDataInHandle2                            bssBANK4     00231
_CDCDataOutHandle                            bssBANK4     0023B
_CDCDataOutHandle2                           bssBANK4     00233
_CDCInitEP                                   text65       011D1
_CDCInitEP2                                  text64       007C7
_CDCTxService                                text17       00E95
_CDCTxService2                               text41       00D47
_CtrlTrfData                                 (abs)        000A8
_EUSART_Initialize                           text30       01F04
_FVRCON                                      (abs)        00117
_FVRCONbits                                  (abs)        00117
_FVR_Initialize                              text29       01EAA
_INTCONbits                                  (abs)        0000B
_INTERRUPT_InterruptManager                  intentry     00004
_Iadc                                        bssBANK3     001DA
_Iadc_limit                                  bssBANK4     0022F
_LATA                                        (abs)        0010C
_LATAbits                                    (abs)        0010C
_LATC                                        (abs)        0010E
_LATCbits                                    (abs)        0010E
_LastRS232Out                                bssBANK4     0024A
_MAIN_Iout_limit_mA                          dataBANK4    0026A
_MAIN_Iout_mA                                bssBANK4     00229
_MAIN_Uout_mV                                bssBANK4     0022B
_MAIN_Uout_target_mV                         bssBANK4     00264
_MAIN_ovcFlag                                bssBANK4     0024C
_MAIN_upConverterFlag                        bssBANK4     0024B
_NextUSBOut                                  bssBANK3     001DF
_OPTION_REGbits                              (abs)        00095
_OSCCON                                      (abs)        00099
_OSCILLATOR_Initialize                       text28       01EF9
_OSCTUNE                                     (abs)        00098
_PIE1bits                                    (abs)        00091
_PIE2bits                                    (abs)        00092
_PIN_MANAGER_Initialize                      text27       01F6F
_PIR1bits                                    (abs)        00011
_PIR2bits                                    (abs)        00012
_PLLRDY                                      (abs)        004D6
_PR2                                         (abs)        0001B
_PWM2CON                                     (abs)        00616
_PWM2DCH                                     (abs)        00615
_PWM2DCL                                     (abs)        00614
_PWM2_Initialize                             text26       01EC1
_PWM2_LoadDutyValue                          text10       01FCE
_PwmDutyCycleCurrentLimit                    bssBANK3     001E0
_PwmDutyCycleVoltageLimit                    bssBANK4     0024D
_RCREG                                       (abs)        00199
_RCSTA                                       (abs)        0019D
_RCSTAbits                                   (abs)        0019D
_RS232_Out_Data                              bssBANK11    005A0
_RS232_Out_Data_Rdy                          bssBANK4     00248
_RS232cp                                     bssBANK4     00249
_RemoteWakeup                                bssBANK4     0025B
_SPBRG                                       (abs)        0019B
_SPBRGH                                      (abs)        0019C
_SPBRGL                                      (abs)        0019B
_SYSTEM_Initialize                           text20       0109B
_SetupPkt                                    (abs)        000A0
_T1CON                                       (abs)        00018
_T1CONbits                                   (abs)        00018
_T1GCON                                      (abs)        00019
_T1GCONbits                                  (abs)        00019
_T2CON                                       (abs)        0001C
_T2CONbits                                   (abs)        0001C
_TMR1H                                       (abs)        00017
_TMR1IF                                      (abs)        00088
_TMR1L                                       (abs)        00016
_TMR1_Initialize                             text24       01F2F
_TMR1_Reload                                 text16       01EE6
_TMR1_StartTimer                             text25       01EA4
_TMR2                                        (abs)        0001A
_TMR2_Initialize                             text22       01EDD
_TMR2_StartTimer                             text23       01EA7
_TRISA                                       (abs)        0008C
_TRISC                                       (abs)        0008E
_TXREG                                       (abs)        0019A
_TXSTA                                       (abs)        0019E
_TXSTAbits                                   (abs)        0019E
_UADDR                                       (abs)        00E96
_UCFG                                        (abs)        00E91
_UCON                                        (abs)        00E8E
_UCONbits                                    (abs)        00E8E
_UEIE                                        (abs)        00E97
_UEIR                                        (abs)        00E93
_UEP0                                        (abs)        00E98
_UEP0bits                                    (abs)        00E98
_UEP1                                        (abs)        00E99
_UIE                                         (abs)        00E92
_UIEbits                                     (abs)        00E92
_UIR                                         (abs)        00E90
_UIRbits                                     (abs)        00E90
_USART_getcUSART                             text40       01F1F
_USART_mySetLineCodingHandler                text74       012C3
_USART_putcUSART                             text39       01EB6
_USB1msTickCount                             bssBANK5     002C6
_USBActiveConfiguration                      bssBANK3     001EF
_USBAlternateInterface                       bssBANK4     00268
_USBBusIsSuspended                           bssBANK4     0025A
_USBCheckCDCRequest                          text63       0165D
_USBCheckCDCRequest2                         text62       016BD
_USBCheckStdRequest                          text52       01549
_USBConfigureEndpoint                        text68       01281
_USBCtrlEPAllowDataStage                     text51       015A3
_USBCtrlEPAllowStatusStage                   text71       01721
_USBCtrlEPService                            text48       01600
_USBCtrlEPServiceComplete                    text50       00CB3
_USBCtrlTrfInHandler                         text72       00989
_USBCtrlTrfOutHandler                        text69       01244
_USBCtrlTrfRxService                         text70       00643
_USBCtrlTrfSetupHandler                      text49       014F4
_USBCtrlTrfTxService                         text73       0081E
_USBDeferINDataStagePackets                  bssBANK4     00254
_USBDeferOUTDataStagePackets                 bssBANK4     00253
_USBDeferStatusStagePacket                   bssBANK3     001E7
_USBDeviceInit                               text19       0070E
_USBDeviceState                              bssBANK3     001EB
_USBDeviceTasks                              text42       00547
_USBEnableEndpoint                           text67       010F1
_USBIncrement1msInternalTimers               text47       01FB5
_USBStallHandler                             text46       01155
_USBStatusStageEnabledFlag1                  bssBANK4     00256
_USBStatusStageEnabledFlag2                  bssBANK4     00255
_USBStatusStageTimeoutCounter                bssBANK4     00257
_USBStdFeatureReqHandler                     text57       00421
_USBStdGetDscHandler                         text56       0090A
_USBStdGetStatusHandler                      text55       0149F
_USBStdSetCfgHandler                         text53       00B92
_USBSuspend                                  text45       010B6
_USBTicksSinceSuspendEnd                     bssBANK4     00252
_USBTransferOnePacket                        text18       00B0E
_USBWakeFromSuspend                          text44       01111
_USB_CD_Ptr                                  stringtext4  0197B
_USB_Out_Buffer                              bssBANK8     00420
_USB_SD_Ptr                                  stringtext2  0196C
_USER_USB_CALLBACK_EVENT_HANDLER             text58       01208
_USTAT                                       (abs)        00E8F
_USTATcopy                                   bssBANK3     001EE
_Uadc                                        bssBANK3     001EC
_Uadc_target                                 bssBANK4     0022D
_WDTCON                                      (abs)        00097
_WDT_Initialize                              text21       01EAE
_WPUA                                        (abs)        0020C
__CFG_BOREN$ON                               (abs)        00000
__CFG_BORV$LO                                (abs)        00000
__CFG_CLKOUTEN$OFF                           (abs)        00000
__CFG_CP$ON                                  (abs)        00000
__CFG_CPUDIV$NOCLKDIV                        (abs)        00000
__CFG_FCMEN$OFF                              (abs)        00000
__CFG_FOSC$INTOSC                            (abs)        00000
__CFG_IESO$OFF                               (abs)        00000
__CFG_LPBOR$OFF                              (abs)        00000
__CFG_LVP$OFF                                (abs)        00000
__CFG_MCLRE$ON                               (abs)        00000
__CFG_PLLEN$ENABLED                          (abs)        00000
__CFG_PLLMULT$3x                             (abs)        00000
__CFG_PWRTE$OFF                              (abs)        00000
__CFG_STVREN$ON                              (abs)        00000
__CFG_USBLSCLK$48MHz                         (abs)        00000
__CFG_WDTE$ON                                (abs)        00000
__CFG_WRT$OFF                                (abs)        00000
__Habs1                                      abs1         00000
__Hbank0                                     bank0        00000
__Hbank1                                     bank1        00000
__Hbank10                                    bank10       00000
__Hbank11                                    bank11       00000
__Hbank12                                    bank12       00000
__Hbank13                                    bank13       00000
__Hbank14                                    bank14       00000
__Hbank15                                    bank15       00000
__Hbank16                                    bank16       00000
__Hbank17                                    bank17       00000
__Hbank18                                    bank18       00000
__Hbank19                                    bank19       00000
__Hbank2                                     bank2        00000
__Hbank20                                    bank20       00000
__Hbank21                                    bank21       00000
__Hbank22                                    bank22       00000
__Hbank23                                    bank23       00000
__Hbank24                                    bank24       00000
__Hbank25                                    bank25       00000
__Hbank26                                    bank26       00000
__Hbank27                                    bank27       00000
__Hbank28                                    bank28       00000
__Hbank29                                    bank29       00000
__Hbank3                                     bank3        00000
__Hbank30                                    bank30       00000
__Hbank31                                    bank31       00000
__Hbank4                                     bank4        00000
__Hbank5                                     bank5        00000
__Hbank6                                     bank6        00000
__Hbank7                                     bank7        00000
__Hbank8                                     bank8        00000
__Hbank9                                     bank9        00000
__Hbigram                                    bigram       00000
__HbssBANK10                                 bssBANK10    00000
__HbssBANK11                                 bssBANK11    00000
__HbssBANK2                                  bssBANK2     00000
__HbssBANK3                                  bssBANK3     00000
__HbssBANK4                                  bssBANK4     00000
__HbssBANK5                                  bssBANK5     00000
__HbssBANK6                                  bssBANK6     00000
__HbssBANK7                                  bssBANK7     00000
__HbssBANK8                                  bssBANK8     00000
__HbssBANK9                                  bssBANK9     00000
__Hcinit                                     cinit        0014A
__Hclrtext                                   clrtext      00000
__Hcode                                      code         00000
__Hcommon                                    common       00000
__Hconfig                                    config       08009
__HcstackBANK1                               cstackBANK1  00000
__HcstackBANK2                               cstackBANK2  00000
__HcstackBANK3                               cstackBANK3  00000
__HcstackCOMMON                              cstackCOMMON 00000
__HdataBANK4                                 dataBANK4    00000
__Heeprom_data                               eeprom_data  00000
__Hend_init                                  end_init     000EB
__Hfunctab                                   functab      00000
__HidataBANK4                                idataBANK4   00000
__Hidloc                                     idloc        00000
__Hinit                                      init         000E9
__Hintentry                                  intentry     000E9
__Hmaintext                                  maintext     00000
__Hpowerup                                   powerup      00000
__Hram                                       ram          00000
__Hreset_vec                                 reset_vec    00002
__Hsfr0                                      sfr0         00000
__Hsfr1                                      sfr1         00000
__Hsfr10                                     sfr10        00000
__Hsfr11                                     sfr11        00000
__Hsfr12                                     sfr12        00000
__Hsfr13                                     sfr13        00000
__Hsfr14                                     sfr14        00000
__Hsfr15                                     sfr15        00000
__Hsfr16                                     sfr16        00000
__Hsfr17                                     sfr17        00000
__Hsfr18                                     sfr18        00000
__Hsfr19                                     sfr19        00000
__Hsfr2                                      sfr2         00000
__Hsfr20                                     sfr20        00000
__Hsfr21                                     sfr21        00000
__Hsfr22                                     sfr22        00000
__Hsfr23                                     sfr23        00000
__Hsfr24                                     sfr24        00000
__Hsfr25                                     sfr25        00000
__Hsfr26                                     sfr26        00000
__Hsfr27                                     sfr27        00000
__Hsfr28                                     sfr28        00000
__Hsfr29                                     sfr29        00000
__Hsfr3                                      sfr3         00000
__Hsfr30                                     sfr30        00000
__Hsfr31                                     sfr31        00000
__Hsfr4                                      sfr4         00000
__Hsfr5                                      sfr5         00000
__Hsfr6                                      sfr6         00000
__Hsfr7                                      sfr7         00000
__Hsfr8                                      sfr8         00000
__Hsfr9                                      sfr9         00000
__Hspace_0                                   (abs)        08009
__Hspace_1                                   (abs)        005E0
__Hspace_2                                   (abs)        00000
__Hspace_3                                   (abs)        00000
__Hstack                                     stack        00000
__Hstrings                                   strings      00000
__Hstringtext1                               stringtext1  00000
__Hstringtext10                              stringtext10 00000
__Hstringtext11                              stringtext11 00000
__Hstringtext12                              stringtext12 00000
__Hstringtext13                              stringtext13 00000
__Hstringtext2                               stringtext2  00000
__Hstringtext3                               stringtext3  00000
__Hstringtext4                               stringtext4  00000
__Hstringtext5                               stringtext5  00000
__Hstringtext6                               stringtext6  00000
__Hstringtext7                               stringtext7  00000
__Hstringtext8                               stringtext8  00000
__Hstringtext9                               stringtext9  00000
__Htext                                      text         00000
__Labs1                                      abs1         00000
__Lbank0                                     bank0        00000
__Lbank1                                     bank1        00000
__Lbank10                                    bank10       00000
__Lbank11                                    bank11       00000
__Lbank12                                    bank12       00000
__Lbank13                                    bank13       00000
__Lbank14                                    bank14       00000
__Lbank15                                    bank15       00000
__Lbank16                                    bank16       00000
__Lbank17                                    bank17       00000
__Lbank18                                    bank18       00000
__Lbank19                                    bank19       00000
__Lbank2                                     bank2        00000
__Lbank20                                    bank20       00000
__Lbank21                                    bank21       00000
__Lbank22                                    bank22       00000
__Lbank23                                    bank23       00000
__Lbank24                                    bank24       00000
__Lbank25                                    bank25       00000
__Lbank26                                    bank26       00000
__Lbank27                                    bank27       00000
__Lbank28                                    bank28       00000
__Lbank29                                    bank29       00000
__Lbank3                                     bank3        00000
__Lbank30                                    bank30       00000
__Lbank31                                    bank31       00000
__Lbank4                                     bank4        00000
__Lbank5                                     bank5        00000
__Lbank6                                     bank6        00000
__Lbank7                                     bank7        00000
__Lbank8                                     bank8        00000
__Lbank9                                     bank9        00000
__Lbigram                                    bigram       00000
__LbssBANK10                                 bssBANK10    00000
__LbssBANK11                                 bssBANK11    00000
__LbssBANK2                                  bssBANK2     00000
__LbssBANK3                                  bssBANK3     00000
__LbssBANK4                                  bssBANK4     00000
__LbssBANK5                                  bssBANK5     00000
__LbssBANK6                                  bssBANK6     00000
__LbssBANK7                                  bssBANK7     00000
__LbssBANK8                                  bssBANK8     00000
__LbssBANK9                                  bssBANK9     00000
__Lcinit                                     cinit        000EB
__Lclrtext                                   clrtext      00000
__Lcode                                      code         00000
__Lcommon                                    common       00000
__Lconfig                                    config       08007
__LcstackBANK1                               cstackBANK1  00000
__LcstackBANK2                               cstackBANK2  00000
__LcstackBANK3                               cstackBANK3  00000
__LcstackCOMMON                              cstackCOMMON 00000
__LdataBANK4                                 dataBANK4    00000
__Leeprom_data                               eeprom_data  00000
__Lend_init                                  end_init     000E9
__Lfunctab                                   functab      00000
__LidataBANK4                                idataBANK4   00000
__Lidloc                                     idloc        00000
__Linit                                      init         000E9
__Lintentry                                  intentry     00004
__Lmaintext                                  maintext     00000
__Lpowerup                                   powerup      00000
__Lram                                       ram          00000
__Lreset_vec                                 reset_vec    00000
__Lsfr0                                      sfr0         00000
__Lsfr1                                      sfr1         00000
__Lsfr10                                     sfr10        00000
__Lsfr11                                     sfr11        00000
__Lsfr12                                     sfr12        00000
__Lsfr13                                     sfr13        00000
__Lsfr14                                     sfr14        00000
__Lsfr15                                     sfr15        00000
__Lsfr16                                     sfr16        00000
__Lsfr17                                     sfr17        00000
__Lsfr18                                     sfr18        00000
__Lsfr19                                     sfr19        00000
__Lsfr2                                      sfr2         00000
__Lsfr20                                     sfr20        00000
__Lsfr21                                     sfr21        00000
__Lsfr22                                     sfr22        00000
__Lsfr23                                     sfr23        00000
__Lsfr24                                     sfr24        00000
__Lsfr25                                     sfr25        00000
__Lsfr26                                     sfr26        00000
__Lsfr27                                     sfr27        00000
__Lsfr28                                     sfr28        00000
__Lsfr29                                     sfr29        00000
__Lsfr3                                      sfr3         00000
__Lsfr30                                     sfr30        00000
__Lsfr31                                     sfr31        00000
__Lsfr4                                      sfr4         00000
__Lsfr5                                      sfr5         00000
__Lsfr6                                      sfr6         00000
__Lsfr7                                      sfr7         00000
__Lsfr8                                      sfr8         00000
__Lsfr9                                      sfr9         00000
__Lspace_0                                   (abs)        00000
__Lspace_1                                   (abs)        00000
__Lspace_2                                   (abs)        00000
__Lspace_3                                   (abs)        00000
__Lstack                                     stack        00000
__Lstrings                                   strings      00000
__Lstringtext1                               stringtext1  00000
__Lstringtext10                              stringtext10 00000
__Lstringtext11                              stringtext11 00000
__Lstringtext12                              stringtext12 00000
__Lstringtext13                              stringtext13 00000
__Lstringtext2                               stringtext2  00000
__Lstringtext3                               stringtext3  00000
__Lstringtext4                               stringtext4  00000
__Lstringtext5                               stringtext5  00000
__Lstringtext6                               stringtext6  00000
__Lstringtext7                               stringtext7  00000
__Lstringtext8                               stringtext8  00000
__Lstringtext9                               stringtext9  00000
__Ltext                                      text         00000
__S0                                         (abs)        08009
__S1                                         (abs)        005E0
__S2                                         (abs)        00000
___aldiv                                     text9        00A09
___aldiv@counter                             cstackBANK3  001B5
___aldiv@dividend                            cstackBANK3  001B0
___aldiv@divisor                             cstackBANK3  001AC
___aldiv@quotient                            cstackBANK3  001B7
___aldiv@sign                                cstackBANK3  001B6
___int_sp                                    stack        00000
___latbits                                   (abs)        00002
___lldiv                                     text11       013F8
___lldiv@counter                             cstackBANK3  001B9
___lldiv@dividend                            cstackBANK3  001B0
___lldiv@divisor                             cstackBANK3  001AC
___lldiv@quotient                            cstackBANK3  001B5
___lmul                                      text8        011A1
___lmul@multiplicand                         cstackBANK3  001A4
___lmul@multiplier                           cstackBANK3  001A0
___lmul@product                              cstackBANK3  001A8
___sp                                        stack        00000
___wmul                                      text15       00802
___wmul@multiplicand                         cstackBANK3  001A2
___wmul@multiplier                           cstackBANK3  001A0
___wmul@product                              cstackBANK3  001A4
__end_of_ADC_GetConversionResult             text78       01EC1
__end_of_ADC_Initialize                      text31       01EF9
__end_of_ADC_IsConversionDone                text77       01ED4
__end_of_ADC_SelectChannel                   text76       0109B
__end_of_ADC_StartConversion                 text32       01EA4
__end_of_CDCInitEP                           text65       01208
__end_of_CDCInitEP2                          text64       007FE
__end_of_CDCTxService                        text17       00F48
__end_of_CDCTxService2                       text41       00DE5
__end_of_EUSART_Initialize                   text30       01F10
__end_of_FVR_Initialize                      text29       01EAE
__end_of_INTERRUPT_InterruptManager          intentry     000E9
__end_of_OSCILLATOR_Initialize               text28       01F04
__end_of_PIN_MANAGER_Initialize              text27       01F86
__end_of_PWM2_Initialize                     text26       01EC7
__end_of_PWM2_LoadDutyValue                  text10       01FE7
__end_of_SYSTEM_Initialize                   text20       010B6
__end_of_TMR1_Initialize                     text24       01F43
__end_of_TMR1_Reload                         text16       01EEF
__end_of_TMR1_StartTimer                     text25       01EA7
__end_of_TMR2_Initialize                     text22       01EE6
__end_of_TMR2_StartTimer                     text23       01EAA
__end_of_USART_getcUSART                     text40       01F2F
__end_of_USART_mySetLineCodingHandler        text74       0130A
__end_of_USART_putcUSART                     text39       01EBB
__end_of_USBCheckCDCRequest                  text63       016BD
__end_of_USBCheckCDCRequest2                 text62       01721
__end_of_USBCheckStdRequest                  text52       015A3
__end_of_USBConfigureEndpoint                text68       012C3
__end_of_USBCtrlEPAllowDataStage             text51       01600
__end_of_USBCtrlEPAllowStatusStage           text71       0178F
__end_of_USBCtrlEPService                    text48       0165D
__end_of_USBCtrlEPServiceComplete            text50       00D47
__end_of_USBCtrlTrfInHandler                 text72       00A09
__end_of_USBCtrlTrfOutHandler                text69       01281
__end_of_USBCtrlTrfRxService                 text70       0070E
__end_of_USBCtrlTrfSetupHandler              text49       01549
__end_of_USBCtrlTrfTxService                 text73       00891
__end_of_USBDeviceInit                       text19       007C7
__end_of_USBDeviceTasks                      text42       00643
__end_of_USBEnableEndpoint                   text67       01111
__end_of_USBIncrement1msInternalTimers       text47       01FCE
__end_of_USBStallHandler                     text46       0117A
__end_of_USBStdFeatureReqHandler             text57       00547
__end_of_USBStdGetDscHandler                 text56       00989
__end_of_USBStdGetStatusHandler              text55       014F4
__end_of_USBStdSetCfgHandler                 text53       00C21
__end_of_USBSuspend                          text45       010D2
__end_of_USBTransferOnePacket                text18       00B92
__end_of_USBWakeFromSuspend                  text44       01131
__end_of_USB_CD_Ptr                          stringtext4  0197F
__end_of_USB_SD_Ptr                          stringtext2  01976
__end_of_USER_USB_CALLBACK_EVENT_HANDLER     text58       01244
__end_of_WDT_Initialize                      text21       01EB2
__end_of___aldiv                             text9        00A8B
__end_of___lldiv                             text11       0144B
__end_of___lmul                              text8        011D1
__end_of___wmul                              text15       0081E
__end_of__initialization                     cinit        00146
__end_of_atoi                                text13       01800
__end_of_configDescriptor1                   stringtext5  0108D
__end_of_device_dsc                          stringtext10 0195F
__end_of_dividerArray                        stringtext1  0185A
__end_of_errorMsg                            stringtext11 0196C
__end_of_getsUSBUSART                        text12       0149F
__end_of_getsUSBUSART2                       text38       013F8
__end_of_isdigit                             text14       01F1F
__end_of_main                                maintext     010F1
__end_of_main_CDC_to_RS485_Initialize        text61       011A1
__end_of_main_CDC_to_RS485_Tasks             text36       0090A
__end_of_main_CommunicationHandler           text2        002EC
__end_of_main_Communication_Initialize       text59       01155
__end_of_main_SetDcDcRegulator               text6        00421
__end_of_main_overcurrentProtection          text1        01354
__end_of_main_switchStepUp_Down              text7        01000
__end_of_memset                              text5        02000
__end_of_my_uitoa                            text4        00CB3
__end_of_okMsg                               stringtext3  0197B
__end_of_putUSBUSART                         text3        01F9D
__end_of_putUSBUSART2                        text37       01F59
__end_of_sd000                               stringtext12 018F6
__end_of_sd001                               stringtext9  0194D
__end_of_sd002                               stringtext8  018F2
__end_of_sd003                               stringtext6  0188E
__end_of_sd004                               stringtext7  018C0
__end_ofi1_ADC_StartConversion               text35       01EA1
__end_ofi1_PWM2_LoadDutyValue                text34       01F6F
__end_ofi1_TMR1_Reload                       text60       01EDD
__end_ofi1_USBDeviceInit                     text43       00E95
__end_ofi1_USBTransferOnePacket              text66       00B0E
__end_ofi1___lldiv                           text75       013A6
__end_ofi1_memset                            text54       01FB5
__initialization                             cinit        000EB
__pbssBANK10                                 bssBANK10    00520
__pbssBANK11                                 bssBANK11    005A0
__pbssBANK2                                  bssBANK2     0016E
__pbssBANK3                                  bssBANK3     001CB
__pbssBANK4                                  bssBANK4     00220
__pbssBANK5                                  bssBANK5     002A0
__pbssBANK6                                  bssBANK6     00320
__pbssBANK7                                  bssBANK7     003A0
__pbssBANK8                                  bssBANK8     00420
__pbssBANK9                                  bssBANK9     004A0
__pcstackBANK1                               cstackBANK1  000E0
__pcstackBANK2                               cstackBANK2  00160
__pcstackBANK3                               cstackBANK3  001A0
__pcstackCOMMON                              cstackCOMMON 00070
__pdataBANK4                                 dataBANK4    0026A
__pidataBANK4                                idataBANK4   01EB2
__pintentry                                  intentry     00004
__pmaintext                                  maintext     010D2
__pstringtext1                               stringtext1  01800
__pstringtext10                              stringtext10 0194D
__pstringtext11                              stringtext11 0195F
__pstringtext12                              stringtext12 018F2
__pstringtext13                              stringtext13 00000
__pstringtext2                               stringtext2  0196C
__pstringtext3                               stringtext3  01976
__pstringtext4                               stringtext4  0197B
__pstringtext5                               stringtext5  01000
__pstringtext6                               stringtext6  0185A
__pstringtext7                               stringtext7  0188E
__pstringtext8                               stringtext8  018C0
__pstringtext9                               stringtext9  01937
__pswtext1                                   swtext1      0191D
__ptext1                                     text1        0130A
__ptext10                                    text10       01FCE
__ptext11                                    text11       013F8
[...]
      Params:         0       0       0       0       0       0       0       0       0       0       0       0       0
      Locals:         0       0       0       0       0       0       0       0       0       0       0       0       0
      Temps:          0       2       0       0       0       0       0       0       0       0       0       0       0
      Totals:         0       2       0       0       0       0       0       0       0       0       0       0       0
Total ram usage:        2 bytes
 Hardware stack levels used:    1
 Hardware stack levels required when called:    3
 This function calls:
		_USBCtrlTrfRxService
 This function is called by:
		_USBCtrlEPService
 This function uses a non-reentrant model


 *************** function _USBCtrlTrfRxService *****************
 Defined at:
		line 1852 in file "usb/core/usb_device.c"
 Parameters:    Size  Location     Type
		None
 Auto vars:     Size  Location     Type
  byteToRead      1   11[BANK1 ] unsigned char 
  i               1   10[BANK1 ] unsigned char 
 Return value:  Size  Location     Type
                  1    wreg      void 
 Registers used:
		wreg, fsr1l, fsr1h, status,2, status,0, pclath, cstack
 Tracked objects:
		On entry : 
		On exit  : 
		Unchanged: 
 Data sizes:     COMMON   BANK1   BANK2   BANK3   BANK4   BANK5   BANK6   BANK7   BANK8   BANK9  BANK10  BANK11  BANK12
      Params:         0       0       0       0       0       0       0       0       0       0       0       0       0
      Locals:         0       2       0       0       0       0       0       0       0       0       0       0       0
      Temps:          0       2       0       0       0       0       0       0       0       0       0       0       0
      Totals:         0       4       0       0       0       0       0       0       0       0       0       0       0
Total ram usage:        4 bytes
 Hardware stack levels used:    1
 Hardware stack levels required when called:    2
 This function calls:
		Absolute function
		_USART_mySetLineCodingHandler
		_USBCtrlEPAllowStatusStage
 This function is called by:
		_USBCtrlTrfOutHandler
 This function uses a non-reentrant model


 *************** function _USBCtrlEPAllowStatusStage *****************
 Defined at:
		line 1416 in file "usb/core/usb_device.c"
 Parameters:    Size  Location     Type
		None
 Auto vars:     Size  Location     Type
		None
 Return value:  Size  Location     Type
                  1    wreg      void 
 Registers used:
		wreg, fsr1l, fsr1h, status,2, status,0
 Tracked objects:
		On entry : 
		On exit  : 
		Unchanged: 
 Data sizes:     COMMON   BANK1   BANK2   BANK3   BANK4   BANK5   BANK6   BANK7   BANK8   BANK9  BANK10  BANK11  BANK12
      Params:         0       0       0       0       0       0       0       0       0       0       0       0       0
      Locals:         0       0       0       0       0       0       0       0       0       0       0       0       0
      Temps:          2       0       0       0       0       0       0       0       0       0       0       0       0
      Totals:         2       0       0       0       0       0       0       0       0       0       0       0       0
Total ram usage:        2 bytes
 Hardware stack levels used:    1
 This function calls:
		Nothing
 This function is called by:
		_USBDeviceTasks
		_USBCtrlEPServiceComplete
		_USBCtrlTrfRxService
 This function uses a non-reentrant model


 *************** function _USBCtrlTrfInHandler *****************
 Defined at:
		line 2592 in file "usb/core/usb_device.c"
 Parameters:    Size  Location     Type
		None
 Auto vars:     Size  Location     Type
  lastDTS         1   10[BANK1 ] unsigned char 
 Return value:  Size  Location     Type
                  1    wreg      void 
 Registers used:
		wreg, fsr0l, fsr0h, fsr1l, fsr1h, status,2, status,0, pclath, cstack
 Tracked objects:
		On entry : 
		On exit  : 
		Unchanged: 
 Data sizes:     COMMON   BANK1   BANK2   BANK3   BANK4   BANK5   BANK6   BANK7   BANK8   BANK9  BANK10  BANK11  BANK12
      Params:         0       0       0       0       0       0       0       0       0       0       0       0       0
      Locals:         0       1       0       0       0       0       0       0       0       0       0       0       0
      Temps:          0       2       0       0       0       0       0       0       0       0       0       0       0
      Totals:         0       3       0       0       0       0       0       0       0       0       0       0       0
Total ram usage:        3 bytes
 Hardware stack levels used:    1
 Hardware stack levels required when called:    2
 This function calls:
		Absolute function
		_USART_mySetLineCodingHandler
		_USBCtrlTrfTxService
 This function is called by:
		_USBCtrlEPService
 This function uses a non-reentrant model


 *************** function _USBCtrlTrfTxService *****************
 Defined at:
		line 1771 in file "usb/core/usb_device.c"
 Parameters:    Size  Location     Type
		None
 Auto vars:     Size  Location     Type
  byteToSend      1    2[COMMON] unsigned char 
 Return value:  Size  Location     Type
                  1    wreg      void 
 Registers used:
		wreg, fsr0l, fsr0h, fsr1l, fsr1h, status,2, status,0, pclath
 Tracked objects:
		On entry : 
		On exit  : 
		Unchanged: 
 Data sizes:     COMMON   BANK1   BANK2   BANK3   BANK4   BANK5   BANK6   BANK7   BANK8   BANK9  BANK10  BANK11  BANK12
      Params:         0       0       0       0       0       0       0       0       0       0       0       0       0
      Locals:         1       0       0       0       0       0       0       0       0       0       0       0       0
      Temps:          2       0       0       0       0       0       0       0       0       0       0       0       0
      Totals:         3       0       0       0       0       0       0       0       0       0       0       0       0
Total ram usage:        3 bytes
 Hardware stack levels used:    1
 This function calls:
		Nothing
 This function is called by:
		_USBCtrlEPAllowDataStage
		_USBCtrlTrfInHandler
 This function uses a non-reentrant model


 *************** function _USART_mySetLineCodingHandler *****************
 Defined at:
		line 92 in file "app_uart_usb_utils.c"
 Parameters:    Size  Location     Type
		None
 Auto vars:     Size  Location     Type
  dwBaud          4    4[BANK1 ] unsigned long 
 Return value:  Size  Location     Type
                  1    wreg      void 
 Registers used:
		wreg, status,2, status,0, pclath, cstack
 Tracked objects:
		On entry : 
		On exit  : 
		Unchanged: 
 Data sizes:     COMMON   BANK1   BANK2   BANK3   BANK4   BANK5   BANK6   BANK7   BANK8   BANK9  BANK10  BANK11  BANK12
      Params:         0       0       0       0       0       0       0       0       0       0       0       0       0
      Locals:         0       4       0       0       0       0       0       0       0       0       0       0       0
      Temps:          0       4       0       0       0       0       0       0       0       0       0       0       0
      Totals:         0       8       0       0       0       0       0       0       0       0       0       0       0
Total ram usage:        8 bytes
 Hardware stack levels used:    1
 Hardware stack levels required when called:    1
 This function calls:
		i1___lldiv
 This function is called by:
		_USBCheckCDCRequest2
		_USBCtrlTrfRxService
		_USBCtrlTrfInHandler
 This function uses a non-reentrant model


 *************** function i1___lldiv *****************
 Defined at:
		line 6 in file "C:\Program Files (x86)\Microchip\xc8\v1.44\sources\common\lldiv.c"
 Parameters:    Size  Location     Type
  divisor         4    0[COMMON] unsigned long 
  dividend        4    4[COMMON] unsigned long 
 Auto vars:     Size  Location     Type
  __lldiv         4    9[COMMON] unsigned long 
  __lldiv         1   13[COMMON] unsigned char 
 Return value:  Size  Location     Type
                  4    0[COMMON] unsigned long 
 Registers used:
		wreg, status,2, status,0
 Tracked objects:
		On entry : 
		On exit  : 
		Unchanged: 
 Data sizes:     COMMON   BANK1   BANK2   BANK3   BANK4   BANK5   BANK6   BANK7   BANK8   BANK9  BANK10  BANK11  BANK12
      Params:         8       0       0       0       0       0       0       0       0       0       0       0       0
      Locals:         5       0       0       0       0       0       0       0       0       0       0       0       0
      Temps:          1       0       0       0       0       0       0       0       0       0       0       0       0
      Totals:        14       0       0       0       0       0       0       0       0       0       0       0       0
Total ram usage:       14 bytes
 Hardware stack levels used:    1
 This function calls:
		Nothing
 This function is called by:
		_USART_mySetLineCodingHandler
 This function uses a non-reentrant model


 *************** function _ADC_SelectChannel *****************
 Defined at:
		line 87 in file "mcc_generated_files/adc.c"
 Parameters:    Size  Location     Type
  channel         1    wreg     enum E2468
 Auto vars:     Size  Location     Type
  channel         1    1[COMMON] enum E2468
 Return value:  Size  Location     Type
                  1    wreg      void 
 Registers used:
		wreg, status,2, status,0
 Tracked objects:
		On entry : 
		On exit  : 
		Unchanged: 
 Data sizes:     COMMON   BANK1   BANK2   BANK3   BANK4   BANK5   BANK6   BANK7   BANK8   BANK9  BANK10  BANK11  BANK12
      Params:         0       0       0       0       0       0       0       0       0       0       0       0       0
      Locals:         1       0       0       0       0       0       0       0       0       0       0       0       0
      Temps:          1       0       0       0       0       0       0       0       0       0       0       0       0
      Totals:         2       0       0       0       0       0       0       0       0       0       0       0       0
Total ram usage:        2 bytes
 Hardware stack levels used:    1
 This function calls:
		Nothing
 This function is called by:
		_INTERRUPT_InterruptManager
 This function uses a non-reentrant model


 *************** function _ADC_IsConversionDone *****************
 Defined at:
		line 102 in file "mcc_generated_files/adc.c"
 Parameters:    Size  Location     Type
		None
 Auto vars:     Size  Location     Type
		None
 Return value:  Size  Location     Type
                  1    wreg      unsigned char 
 Registers used:
		wreg, status,0
 Tracked objects:
		On entry : 
		On exit  : 
		Unchanged: 
 Data sizes:     COMMON   BANK1   BANK2   BANK3   BANK4   BANK5   BANK6   BANK7   BANK8   BANK9  BANK10  BANK11  BANK12
      Params:         0       0       0       0       0       0       0       0       0       0       0       0       0
      Locals:         0       0       0       0       0       0       0       0       0       0       0       0       0
      Temps:          0       0       0       0       0       0       0       0       0       0       0       0       0
      Totals:         0       0       0       0       0       0       0       0       0       0       0       0       0
Total ram usage:        0 bytes
 Hardware stack levels used:    1
 This function calls:
		Nothing
 This function is called by:
		_INTERRUPT_InterruptManager
 This function uses a non-reentrant model


 *************** function _ADC_GetConversionResult *****************
 Defined at:
		line 108 in file "mcc_generated_files/adc.c"
 Parameters:    Size  Location     Type
		None
 Auto vars:     Size  Location     Type
		None
 Return value:  Size  Location     Type
                  2    0[COMMON] unsigned int 
 Registers used:
		wreg
 Tracked objects:
		On entry : 
		On exit  : 
		Unchanged: 
 Data sizes:     COMMON   BANK1   BANK2   BANK3   BANK4   BANK5   BANK6   BANK7   BANK8   BANK9  BANK10  BANK11  BANK12
      Params:         2       0       0       0       0       0       0       0       0       0       0       0       0
      Locals:         0       0       0       0       0       0       0       0       0       0       0       0       0
      Temps:          0       0       0       0       0       0       0       0       0       0       0       0       0
      Totals:         2       0       0       0       0       0       0       0       0       0       0       0       0
Total ram usage:        2 bytes
 Hardware stack levels used:    1
 This function calls:
		Nothing
 This function is called by:
		_INTERRUPT_InterruptManager
 This function uses a non-reentrant model



MODULE INFORMATION

Module		Function		Class		Link	Load	Size
C:\Program Files (x86)\Microchip\xc8\v1.44\sources\common\memset.c
		_memset        		CODE           	1FE7	0000	26

C:\Program Files (x86)\Microchip\xc8\v1.44\sources\common\memset.c estimated size: 26

mcc_generated_files/fvr.c
		_FVR_Initialize		CODE           	1EAA	0000	5

mcc_generated_files/fvr.c estimated size: 5

mcc_generated_files/tmr2.c
		_TMR2_Initialize		CODE           	1EDD	0000	10
		_TMR2_StartTimer		CODE           	1EA7	0000	4

mcc_generated_files/tmr2.c estimated size: 14

mcc_generated_files/pwm2.c
		_PWM2_Initialize		CODE           	1EC1	0000	7
		_PWM2_LoadDutyValue		CODE           	1FCE	0000	26

mcc_generated_files/pwm2.c estimated size: 33

app_uart_usb_utils.c
		_USART_getcUSART		CODE           	1F1F	0000	17
		_USART_putcUSART		CODE           	1EB6	0000	6
		_USART_mySetLineCodingHandler		CODE           	12C3	0000	72

app_uart_usb_utils.c estimated size: 95

mcc_generated_files/pin_manager.c
		_PIN_MANAGER_Initialize		CODE           	1F6F	0000	24

mcc_generated_files/pin_manager.c estimated size: 24

mcc_generated_files/adc.c
		_ADC_Initialize		CODE           	1EEF	0000	11
		_ADC_IsConversionDone		CODE           	1ECD	0000	8
		_ADC_GetConversionResult		CODE           	1EBB	0000	7
		_ADC_StartConversion		CODE           	1EA1	0000	4
		_ADC_SelectChannel		CODE           	108E	0000	14

mcc_generated_files/adc.c estimated size: 44

usb/core/usb_device_cdc.c
		_CDCTxService  		CODE           	0E95	0000	180
		_CDCInitEP     		CODE           	11D1	0000	56
		_putUSBUSART   		CODE           	1F86	0000	24
		_getsUSBUSART  		CODE           	144B	0000	85
		_USBCheckCDCRequest		CODE           	165D	0000	97

usb/core/usb_device_cdc.c estimated size: 442

C:\Program Files (x86)\Microchip\xc8\v1.44\sources\common\lldiv.c
		___lldiv       		CODE           	13F8	0000	84

C:\Program Files (x86)\Microchip\xc8\v1.44\sources\common\lldiv.c estimated size: 84

usb/core/usb_device.c
		_USBCtrlTrfInHandler		CODE           	0989	0000	129
		_USBTransferOnePacket		CODE           	0B0E	0000	133
		_USBStdGetDscHandler		CODE           	090A	0000	128
		_USBCtrlEPAllowDataStage		CODE           	15A3	0000	94
		_USBStdFeatureReqHandler		CODE           	0421	0000	295
		_USBCtrlEPAllowStatusStage		CODE           	1721	0000	111
		_USBCtrlTrfSetupHandler		CODE           	14F4	0000	86
		_USBCtrlTrfOutHandler		CODE           	1244	0000	62
		_USBCtrlEPServiceComplete		CODE           	0CB3	0000	149
		_USBSuspend    		CODE           	10B6	0000	29
		_USBStdSetCfgHandler		CODE           	0B92	0000	144
		_USBStdGetStatusHandler		CODE           	149F	0000	86
		_USBWakeFromSuspend		CODE           	1111	0000	33
		_USBCtrlTrfRxService		CODE           	0643	0000	204
		_USBCtrlTrfTxService		CODE           	081E	0000	116
		_USBEnableEndpoint		CODE           	10F1	0000	33
		_USBConfigureEndpoint		CODE           	1281	0000	67
		_USBDeviceInit 		CODE           	070E	0000	186
		_USBIncrement1msInternalTimers		CODE           	1FB5	0000	26
		_USBCtrlEPService		CODE           	1600	0000	94
		_USBStallHandler		CODE           	1155	0000	38
		_USBDeviceTasks		CODE           	0547	0000	253
		_USBCheckStdRequest		CODE           	1549	0000	91

usb/core/usb_device.c estimated size: 2587

C:\Program Files (x86)\Microchip\xc8\v1.44\sources\common\Umul16.c
		___wmul        		CODE           	0802	0000	29

C:\Program Files (x86)\Microchip\xc8\v1.44\sources\common\Umul16.c estimated size: 29

shared
		_configDescriptor1		STRCODE        	1000	0000	142
		_USB_CD_Ptr    		STRCODE        	197B	0000	5
		_sd001         		STRCODE        	1937	0000	23
		_sd002         		STRCODE        	18C0	0000	51
		_errorMsg      		STRCODE        	195F	0000	14
		i1_USBDeviceInit		CODE           	0DE5	0000	177
		i1_TMR1_Reload 		CODE           	1ED4	0000	10
		_sd003         		STRCODE        	185A	0000	53
		i1_ADC_StartConversion		CODE           	1E9E	0000	4
		i1___lldiv     		CODE           	1354	0000	83
		_okMsg         		STRCODE        	0000	0000	0
		__initialization		CODE           	00EB	0000	92
		_device_dsc    		STRCODE        	194D	0000	19
		i1_PWM2_LoadDutyValue		CODE           	1F59	0000	23
		_sd004         		STRCODE        	188E	0000	51
		_USB_SD_Ptr    		STRCODE        	196C	0000	11
		i1_memset      		CODE           	1F9D	0000	25
		_sd000         		STRCODE        	18F2	0000	5
		i1_USBTransferOnePacket		CODE           	0A8B	0000	132
		_dividerArray  		STRCODE        	1800	0000	91

shared estimated size: 1011

C:\Program Files (x86)\Microchip\xc8\v1.44\sources\common\atoi.c
		_atoi          		CODE           	178F	0000	114

C:\Program Files (x86)\Microchip\xc8\v1.44\sources\common\atoi.c estimated size: 114

usb/usb_events.c
		_USER_USB_CALLBACK_EVENT_HANDLER		CODE           	1208	0000	61

usb/usb_events.c estimated size: 61

mcc_generated_files/mcc.c
		_WDT_Initialize		CODE           	1EAE	0000	5
		_OSCILLATOR_Initialize		CODE           	1EF9	0000	12
		_SYSTEM_Initialize		CODE           	109B	0000	28

mcc_generated_files/mcc.c estimated size: 45

C:\Program Files (x86)\Microchip\xc8\v1.44\sources\common\aldiv.c
		___aldiv       		CODE           	0A09	0000	131

C:\Program Files (x86)\Microchip\xc8\v1.44\sources\common\aldiv.c estimated size: 131

mcc_generated_files/tmr1.c
		_TMR1_Initialize		CODE           	1F2F	0000	21
		_TMR1_Reload   		CODE           	1EE6	0000	10
		_TMR1_StartTimer		CODE           	1EA4	0000	4

mcc_generated_files/tmr1.c estimated size: 35

C:\Program Files (x86)\Microchip\xc8\v1.44\sources\common\isdigit.c
		_isdigit       		CODE           	1F10	0000	16

C:\Program Files (x86)\Microchip\xc8\v1.44\sources\common\isdigit.c estimated size: 16

C:\Program Files (x86)\Microchip\xc8\v1.44\sources\common\Umul32.c
		___lmul        		CODE           	11A1	0000	49

C:\Program Files (x86)\Microchip\xc8\v1.44\sources\common\Umul32.c estimated size: 49

usb/core/usb_device_cdc2.c
		_USBCheckCDCRequest2		CODE           	16BD	0000	101
		_CDCTxService2 		CODE           	0D47	0000	159
		_CDCInitEP2    		CODE           	07C7	0000	56
		_putUSBUSART2  		CODE           	1F43	0000	23
		_getsUSBUSART2 		CODE           	13A6	0000	83

usb/core/usb_device_cdc2.c estimated size: 422

mcc_generated_files/eusart.c
		_EUSART_Initialize		CODE           	1F04	0000	13

mcc_generated_files/eusart.c estimated size: 13

main.c
		_main_Communication_Initialize		CODE           	1131	0000	37
		_main_switchStepUp_Down		CODE           	0F48	0000	185
		_main_SetDcDcRegulator		CODE           	02EC	0000	310
		_main          		CODE           	10D2	0000	32
		_my_uitoa      		CODE           	0C21	0000	147
		_main_CDC_to_RS485_Tasks		CODE           	0891	0000	122
		_main_overcurrentProtection		CODE           	130A	0000	75
		_INTERRUPT_InterruptManager		CODE           	0004	0000	230
		_main_CDC_to_RS485_Initialize		CODE           	117A	0000	40
		_main_CommunicationHandler		CODE           	014A	0000	419

main.c estimated size: 1597

